  console.error
    Warning: An update to StaffManagement inside a test was not wrapped in act(...).
    
    When testing, code that causes React state updates should be wrapped into act(...):
    
    act(() => {
      /* fire events that update state */
    });
    /* assert on the output */
    
    This ensures that you're testing the behavior the user would see in the browser. Learn more at https://reactjs.org/link/wrap-tests-with-act
        at StaffManagement (C:\Users\S Sreedhar Goud\Desktop\loyalty\my-app\src\components\admin\StaffManagement.tsx:91:47)

    [0m [90m 159 |[39m         [90m// console.error('Error fetching data:', error);[39m
     [90m 160 |[39m       } [36mfinally[39m {
    [31m[1m>[22m[39m[90m 161 |[39m         setIsLoading([36mfalse[39m)[33m;[39m
     [90m     |[39m         [31m[1m^[22m[39m
     [90m 162 |[39m       }
     [90m 163 |[39m     }[33m;[39m
     [90m 164 |[39m[0m

      at printWarning (node_modules/react-dom/cjs/react-dom.development.js:86:30)
      at error (node_modules/react-dom/cjs/react-dom.development.js:60:7)
      at warnIfUpdatesNotWrappedWithActDEV (node_modules/react-dom/cjs/react-dom.development.js:27628:9)
      at scheduleUpdateOnFiber (node_modules/react-dom/cjs/react-dom.development.js:25547:5)
      at dispatchSetState (node_modules/react-dom/cjs/react-dom.development.js:16708:7)
      at src/components/admin/StaffManagement.tsx:161:9
      at fulfilled (src/components/admin/StaffManagement.tsx:5:58)

node.exe : FAIL src/components/admin/__tests__/StaffManagement.test.tsx 
(12.261 s)
At line:1 char:1
+ & "C:\Program Files\nodejs/node.exe" "C:\Users\S Sreedhar Goud\AppDat ...
+ ~~~~~~~~~~~~~~~~~~~~~~~~~~~~~~~~~~~~~~~~~~~~~~~~~~~~~~~~~~~~~~~~~~~~~
    + CategoryInfo          : NotSpecified: (FAIL src/compon....tsx (12.261 
    s):String) [], RemoteException
    + FullyQualifiedErrorId : NativeCommandError
 
  StaffManagement
    ├ù should render loading state initially (121 ms)
    ├ù should render staff and stores data after loading (1033 ms)
    ├ù should open staff dialog when Add Staff button is clicked (1027 ms)
    ├ù should validate staff email format (1022 ms)
    ├ù should validate staff mobile number format (1017 ms)
    ├ù should create new staff successfully (1021 ms)
    ├ù should switch between staff and stores tabs (1027 ms)
    ├ù should handle edit staff functionality (1025 ms)
    ├ù should handle delete staff functionality (1024 ms)
    ├ù should handle store creation (1018 ms)
    ΓêÜ should handle error when fetching data fails (30 ms)
    ├ù should validate duplicate email when creating staff (1021 ms)
    ├ù should validate duplicate mobile when creating staff (1022 ms)

  ΓùÅ StaffManagement ΓÇ║ should render loading state initially

    TestingLibraryElementError: Found multiple elements by: 
[data-testid="skeleton"]

    Here are the matching elements:

    Ignored nodes: comments, script, style
    [36m<div[39m
      [33mclass[39m=[32m"h-4 w-[150px]"[39m
      [33mdata-testid[39m=[32m"skeleton"[39m
    [36m/>[39m

    Ignored nodes: comments, script, style
    [36m<div[39m
      [33mclass[39m=[32m"h-3 w-[100px] mt-2"[39m
      [33mdata-testid[39m=[32m"skeleton"[39m
    [36m/>[39m

    Ignored nodes: comments, script, style
    [36m<div[39m
      [33mclass[39m=[32m"h-4 w-[120px]"[39m
      [33mdata-testid[39m=[32m"skeleton"[39m
    [36m/>[39m

    Ignored nodes: comments, script, style
    [36m<div[39m
      [33mclass[39m=[32m"h-4 w-[80px]"[39m
      [33mdata-testid[39m=[32m"skeleton"[39m
    [36m/>[39m

    Ignored nodes: comments, script, style
    [36m<div[39m
      [33mclass[39m=[32m"h-4 w-[120px]"[39m
      [33mdata-testid[39m=[32m"skeleton"[39m
    [36m/>[39m

    Ignored nodes: comments, script, style
    [36m<div[39m
      [33mclass[39m=[32m"h-4 w-[70px]"[39m
      [33mdata-testid[39m=[32m"skeleton"[39m
    [36m/>[39m

    Ignored nodes: comments, script, style
    [36m<div[39m
      [33mclass[39m=[32m"h-4 w-[50px]"[39m
      [33mdata-testid[39m=[32m"skeleton"[39m
    [36m/>[39m

    Ignored nodes: comments, script, style
    [36m<div[39m
      [33mclass[39m=[32m"h-8 w-[60px]"[39m
      [33mdata-testid[39m=[32m"skeleton"[39m
    [36m/>[39m

    Ignored nodes: comments, script, style
    [36m<div[39m
      [33mclass[39m=[32m"h-8 w-[80px]"[39m
      [33mdata-testid[39m=[32m"skeleton"[39m
    [36m/>[39m

    Ignored nodes: comments, script, style
    [36m<div[39m
      [33mclass[39m=[32m"h-4 w-[150px]"[39m
      [33mdata-testid[39m=[32m"skeleton"[39m
    [36m/>[39m

    Ignored nodes: comments, script, style
    [36m<div[39m
      [33mclass[39m=[32m"h-3 w-[100px] mt-2"[39m
      [33mdata-testid[39m=[32m"skeleton"[39m
    [36m/>[39m

    Ignored nodes: comments, script, style
    [36m<div[39m
      [33mclass[39m=[32m"h-4 w-[120px]"[39m
      [33mdata-testid[39m=[32m"skeleton"[39m
    [36m/>[39m

    Ignored nodes: comments, script, style
    [36m<div[39m
      [33mclass[39m=[32m"h-4 w-[80px]"[39m
      [33mdata-testid[39m=[32m"skeleton"[39m
    [36m/>[39m

    Ignored nodes: comments, script, style
    [36m<div[39m
      [33mclass[39m=[32m"h-4 w-[120px]"[39m
      [33mdata-testid[39m=[32m"skeleton"[39m
    [36m/>[39m

    Ignored nodes: comments, script, style
    [36m<div[39m
      [33mclass[39m=[32m"h-4 w-[70px]"[39m
      [33mdata-testid[39m=[32m"skeleton"[39m
    [36m/>[39m

    Ignored nodes: comments, script, style
    [36m<div[39m
      [33mclass[39m=[32m"h-4 w-[50px]"[39m
      [33mdata-testid[39m=[32m"skeleton"[39m
    [36m/>[39m

    Ignored nodes: comments, script, style
    [36m<div[39m
      [33mclass[39m=[32m"h-8 w-[60px]"[39m
      [33mdata-testid[39m=[32m"skeleton"[39m
    [36m/>[39m

    Ignored nodes: comments, script, style
    [36m<div[39m
      [33mclass[39m=[32m"h-8 w-[80px]"[39m
      [33mdata-testid[39m=[32m"skeleton"[39m
    [36m/>[39m

    Ignored nodes: comments, script, style
    [36m<div[39m
      [33mclass[39m=[32m"h-4 w-[150px]"[39m
      [33mdata-testid[39m=[32m"skeleton"[39m
    [36m/>[39m

    Ignored nodes: comments, script, style
    [36m<div[39m
      [33mclass[39m=[32m"h-3 w-[100px] mt-2"[39m
      [33mdata-testid[39m=[32m"skeleton"[39m
    [36m/>[39m

    Ignored nodes: comments, script, style
    [36m<div[39m
      [33mclass[39m=[32m"h-4 w-[120px]"[39m
      [33mdata-testid[39m=[32m"skeleton"[39m
    [36m/>[39m

    Ignored nodes: comments, script, style
    [36m<div[39m
      [33mclass[39m=[32m"h-4 w-[80px]"[39m
      [33mdata-testid[39m=[32m"skeleton"[39m
    [36m/>[39m

    Ignored nodes: comments, script, style
    [36m<div[39m
      [33mclass[39m=[32m"h-4 w-[120px]"[39m
      [33mdata-testid[39m=[32m"skeleton"[39m
    [36m/>[39m

    Ignored nodes: comments, script, style
    [36m<div[39m
      [33mclass[39m=[32m"h-4 w-[70px]"[39m
      [33mdata-testid[39m=[32m"skeleton"[39m
    [36m/>[39m

    Ignored nodes: comments, script, style
    [36m<div[39m
      [33mclass[39m=[32m"h-4 w-[50px]"[39m
      [33mdata-testid[39m=[32m"skeleton"[39m
    [36m/>[39m

    Ignored nodes: comments, script, style
    [36m<div[39m
      [33mclass[39m=[32m"h-8 w-[60px]"[39m
      [33mdata-testid[39m=[32m"skeleton"[39m
    [36m/>[39m

    Ignored nodes: comments, script, style
    [36m<div[39m
      [33mclass[39m=[32m"h-8 w-[80px]"[39m
      [33mdata-testid[39m=[32m"skeleton"[39m
    [36m/>[39m

    Ignored nodes: comments, script, style
    [36m<div[39m
      [33mclass[39m=[32m"h-4 w-[150px]"[39m
      [33mdata-testid[39m=[32m"skeleton"[39m
    [36m/>[39m

    Ignored nodes: comments, script, style
    [36m<div[39m
      [33mclass[39m=[32m"h-3 w-[100px] mt-2"[39m
      [33mdata-testid[39m=[32m"skeleton"[39m
    [36m/>[39m

    Ignored nodes: comments, script, style
    [36m<div[39m
      [33mclass[39m=[32m"h-4 w-[120px]"[39m
      [33mdata-testid[39m=[32m"skeleton"[39m
    [36m/>[39m

    Ignored nodes: comments, script, style
    [36m<div[39m
      [33mclass[39m=[32m"h-4 w-[80px]"[39m
      [33mdata-testid[39m=[32m"skeleton"[39m
    [36m/>[39m

    Ignored nodes: comments, script, style
    [36m<div[39m
      [33mclass[39m=[32m"h-4 w-[120px]"[39m
      [33mdata-testid[39m=[32m"skeleton"[39m
    [36m/>[39m

    Ignored nodes: comments, script, style
    [36m<div[39m
      [33mclass[39m=[32m"h-4 w-[70px]"[39m
      [33mdata-testid[39m=[32m"skeleton"[39m
    [36m/>[39m

    Ignored nodes: comments, script, style
    [36m<div[39m
      [33mclass[39m=[32m"h-4 w-[50px]"[39m
      [33mdata-testid[39m=[32m"skeleton"[39m
    [36m/>[39m

    Ignored nodes: comments, script, style
    [36m<div[39m
      [33mclass[39m=[32m"h-8 w-[60px]"[39m
      [33mdata-testid[39m=[32m"skeleton"[39m
    [36m/>[39m

    Ignored nodes: comments, script, style
    [36m<div[39m
      [33mclass[39m=[32m"h-8 w-[80px]"[39m
      [33mdata-testid[39m=[32m"skeleton"[39m
    [36m/>[39m

    Ignored nodes: comments, script, style
    [36m<div[39m
      [33mclass[39m=[32m"h-4 w-[150px]"[39m
      [33mdata-testid[39m=[32m"skeleton"[39m
    [36m/>[39m

    Ignored nodes: comments, script, style
    [36m<div[39m
      [33mclass[39m=[32m"h-3 w-[100px] mt-2"[39m
      [33mdata-testid[39m=[32m"skeleton"[39m
    [36m/>[39m

    Ignored nodes: comments, script, style
    [36m<div[39m
      [33mclass[39m=[32m"h-4 w-[120px]"[39m
      [33mdata-testid[39m=[32m"skeleton"[39m
    [36m/>[39m

    Ignored nodes: comments, script, style
    [36m<div[39m
      [33mclass[39m=[32m"h-4 w-[80px]"[39m
      [33mdata-testid[39m=[32m"skeleton"[39m
    [36m/>[39m

    Ignored nodes: comments, script, style
    [36m<div[39m
      [33mclass[39m=[32m"h-4 w-[120px]"[39m
      [33mdata-testid[39m=[32m"skeleton"[39m
    [36m/>[39m

    Ignored nodes: comments, script, style
    [36m<div[39m
      [33mclass[39m=[32m"h-4 w-[70px]"[39m
      [33mdata-testid[39m=[32m"skeleton"[39m
    [36m/>[39m

    Ignored nodes: comments, script, style
    [36m<div[39m
      [33mclass[39m=[32m"h-4 w-[50px]"[39m
      [33mdata-testid[39m=[32m"skeleton"[39m
    [36m/>[39m

    Ignored nodes: comments, script, style
    [36m<div[39m
      [33mclass[39m=[32m"h-8 w-[60px]"[39m
      [33mdata-testid[39m=[32m"skeleton"[39m
    [36m/>[39m

    Ignored nodes: comments, script, style
    [36m<div[39m
      [33mclass[39m=[32m"h-8 w-[80px]"[39m
      [33mdata-testid[39m=[32m"skeleton"[39m
    [36m/>[39m

    (If this is intentional, then use the `*AllBy*` variant of the query 
(like `queryAllByText`, `getAllByText`, or `findAllByText`)).

    Ignored nodes: comments, script, style
    [36m<body>[39m
      [36m<div>[39m
        [36m<div[39m
          [33mclass[39m=[32m"space-y-6"[39m
        [36m>[39m
          [36m<div[39m
            [33mclass[39m=[32m"flex flex-col xs:flex-row justify-between 
items-start xs:items-center gap-3 xs:gap-2"[39m
          [36m>[39m
            [36m<div>[39m
              [36m<h1[39m
                [33mclass[39m=[32m"text-xl xs:text-2xl font-bold"[39m
              [36m>[39m
                [0mSystem Configuration[0m
              [36m</h1>[39m
              [36m<p[39m
                [33mclass[39m=[32m"text-sm xs:text-base 
text-muted-foreground"[39m
              [36m>[39m
                [0mManage staff accounts and store locations[0m
              [36m</p>[39m
              [36m<p[39m
                [33mclass[39m=[32m"text-sm xs:text-base 
text-muted-foreground"[39m
              [36m>[39m
                [0mThis tab shows both details of both live and demo 
stores[0m
              [36m</p>[39m
            [36m</div>[39m
            [36m<div[39m
              [33mclass[39m=[32m"flex flex-col xs:flex-row gap-2 w-full 
xs:w-auto"[39m
            [36m>[39m
              [36m<button[39m
                [33mclass[39m=[32m"h-10 text-xs xs:text-sm w-full 
xs:w-auto justify-start xs:justify-center"[39m
                [33mvariant[39m=[32m"default"[39m
              [36m>[39m
                [36m<svg[39m
                  [33mclass[39m=[32m"lucide lucide-user h-3.5 w-3.5 
xs:h-4 xs:w-4 mr-1.5 xs:mr-2"[39m
                  [33mfill[39m=[32m"none"[39m
                  [33mheight[39m=[32m"24"[39m
                  [33mstroke[39m=[32m"currentColor"[39m
                  [33mstroke-linecap[39m=[32m"round"[39m
                  [33mstroke-linejoin[39m=[32m"round"[39m
                  [33mstroke-width[39m=[32m"2"[39m
                  [33mviewBox[39m=[32m"0 0 24 24"[39m
                  [33mwidth[39m=[32m"24"[39m
                  [33mxmlns[39m=[32m"http://www.w3.org/2000/svg"[39m
                [36m>[39m
                  [36m<path[39m
                    [33md[39m=[32m"M19 21v-2a4 4 0 0 0-4-4H9a4 4 0 0 0-4 
4v2"[39m
                  [36m/>[39m
                  [36m<circle[39m
                    [33mcx[39m=[32m"12"[39m
                    [33mcy[39m=[32m"7"[39m
                    [33mr[39m=[32m"4"[39m
                  [36m/>[39m
                [36m</svg>[39m
                [0mStaff Management[0m
              [36m</button>[39m
              [36m<button[39m
                [33mclass[39m=[32m"h-10 text-xs xs:text-sm w-full 
xs:w-auto justify-start xs:justify-center"[39m
                [33mvariant[39m=[32m"outline"[39m
              [36m>[39m
                [36m<svg[39m
                  [33mclass[39m=[32m"lucide lucide-store h-3.5 w-3.5 
xs:h-4 xs:w-4 mr-1.5 xs:mr-2"[39m
                  [33mfill[39m=[32m"none"[39m
                  [33mheight[39m=[32m"24"[39m
                  [33mstroke[39m=[32m"currentColor"[39m
                  [33mstroke-linecap[39m=[32m"round"[39m
                  [33mstroke-linejoin[39m=[32m"round"[39m
                  [33mstroke-width[39m=[32m"2"[39m
                  [33mviewBox[39m=[32m"0 0 24 24"[39m
                  [33mwidth[39m=[32m"24"[39m
                  [33mxmlns[39m=[32m"http://www.w3.org/2000/svg"[39m
                [36m>[39m
                  [36m<path[39m
                    [33md[39m=[32m"m2 7 4.41-4.41A2 2 0 0 1 7.83 
2h8.34a2 2 0 0 1 1.42.59L22 7"[39m
                  [36m/>[39m
                  [36m<path[39m
                    [33md[39m=[32m"M4 12v8a2 2 0 0 0 2 2h12a2 2 0 0 0 
2-2v-8"[39m
                  [36m/>[39m
                  [36m<path[39m
                    [33md[39m=[32m"M15 22v-4a2 2 0 0 0-2-2h-2a2 2 0 0 
0-2 2v4"[39m
                  [36m/>[39m
                  [36m<path[39m
                    [33md[39m=[32m"M2 7h20"[39m
                  [36m/>[39m
                  [36m<path[39m
                    [33md[39m=[32m"M22 7v3a2 2 0 0 1-2 2a2.7 2.7 0 0 
1-1.59-.63.7.7 0 0 0-.82 0A2.7 2.7 0 0 1 16 12a2.7 2.7 0 0 1-1.59-.63.7.7 0 
0 0-.82 0A2.7 2.7 0 0 1 12 12a2.7 2.7 0 0 1-1.59-.63.7.7 0 0 0-.82 0A2.7 
2.7 0 0 1 8 12a2.7 2.7 0 0 1-1.59-.63.7.7 0 0 0-.82 0A2.7 2.7 0 0 1 4 12a2 
2 0 0 1-2-2V7"[39m
                  [36m/>[39m
                [36m</svg>[39m
                [0mStore Management[0m
              [36m</button>[39m
              [36m<button[39m
                [33mclass[39m=[32m"h-10 text-xs xs:text-sm w-full 
xs:w-auto justify-start xs:justify-center"[39m
                [33mvariant[39m=[32m"outline"[39m
              [36m>[39m
                [36m<svg[39m
                  [33mclass[39m=[32m"lucide lucide-key h-3.5 w-3.5 
xs:h-4 xs:w-4 mr-1.5 xs:mr-2"[39m
                  [33mfill[39m=[32m"none"[39m
                  [33mheight[39m=[32m"24"[39m
                  [33mstroke[39m=[32m"currentColor"[39m
                  [33mstroke-linecap[39m=[32m"round"[39m
                  [33mstroke-linejoin[39m=[32m"round"[39m
                  [33mstroke-width[39m=[32m"2"[39m
                  [33mviewBox[39m=[32m"0 0 24 24"[39m
                  [33mwidth[39m=[32m"24"[39m
                  [33mxmlns[39m=[32m"http://www.w3.org/2000/svg"[39m
                [36m>[39m
                  [36m<path[39m
                    [33md[39m=[32m"m15.5 7.5 2.3 2.3a1 1 0 0 0 1.4 
0l2.1-2.1a1 1 0 0 0 0-1.4L19 4"[39m
                  [36m/>[39m
                  [36m<path[39m
                    [33md[39m=[32m"m21 2-9.6 9.6"[39m
                  [36m/>[39m
                  [36m<circle[39m
                    [33mcx[39m=[32m"7.5"[39m
                    [33mcy[39m=[32m"15.5"[39m
                    [33mr[39m=[32m"5.5"[39m
                  [36m/>[39m
                [36m</svg>[39m
                [0mPassword Decryptor[0m
              [36m</button>[39m
            [36m</div>[39m
          [36m</div>[39m
          [36m<div>[39m
            [36m<div[39m
              [33mclass[39m=[32m"px-2 xs:px-3 sm:px-6 py-2 xs:py-3 
sm:py-4"[39m
            [36m>[39m
              [36m<div[39m
                [33mclass[39m=[32m"flex flex-col xs:flex-row 
justify-between items-start xs:items-center gap-2 xs:gap-0"[39m
              [36m>[39m
                [36m<div>[39m
                  [36m<h3[39m
                    [33mclass[39m=[32m"text-sm xs:text-base 
sm:text-lg"[39m
                  [36m>[39m
                    [0mStaff Members[0m
                  [36m</h3>[39m
                  [36m<div[39m
                    [33mclass[39m=[32m"text-[10px] xs:text-xs 
sm:text-sm"[39m
                  [36m>[39m
                    [0m0[0m
                    [0m staff members across [0m
                    [0m0[0m
                    [0m stores[0m
                  [36m</div>[39m
                [36m</div>[39m
                [36m<button[39m
                  [33mclass[39m=[32m"h-8 xs:h-9 sm:h-10 text-xs 
xs:text-sm px-2 xs:px-3 sm:px-4 w-full xs:w-auto"[39m
                [36m>[39m
                  [36m<svg[39m
                    [33mclass[39m=[32m"lucide lucide-user-plus h-3 w-3 
xs:h-3.5 xs:w-3.5 sm:h-4 sm:w-4 mr-1 xs:mr-1.5 sm:mr-2"[39m
                    [33mfill[39m=[32m"none"[39m
                    [33mheight[39m=[32m"24"[39m
                    [33mstroke[39m=[32m"currentColor"[39m
                    [33mstroke-linecap[39m=[32m"round"[39m
                    [33mstroke-linejoin[39m=[32m"round"[39m
                    [33mstroke-width[39m=[32m"2"[39m
                    [33mviewBox[39m=[32m"0 0 24 24"[39m
                    [33mwidth[39m=[32m"24"[39m
                    [33mxmlns[39m=[32m"http://www.w3.org/2000/svg"[39m
                  [36m>[39m
                    [36m<path[39m
                      [33md[39m=[32m"M16 21v-2a4 4 0 0 0-4-4H6a4 4 0 0 
0-4 4v2"[39m
                    [36m/>[39m
                    [36m<circle[39m
                      [33mcx[39m=[32m"9"[39m
                      [33mcy[39m=[32m"7"[39m
                      [33mr[39m=[32m"4"[39m
                    [36m/>[39m
                    [36m<line[39m
                      [33mx1[39m=[32m"19"[39m
                      [33mx2[39m=[32m"19"[39m
                      [33my1[39m=[32m"8"[39m
                      [33my2[39m=[32m"14"[39m
                    [36m/>[39m
                    [36m<line[39m
                      [33mx1[39m=[32m"22"[39m
                      [33mx2[39m=[32m"16"[39m
                      [33my1[39m=[32m"11"[39m
                      [33my2[39m=[32m"11"[39m
                    [36m/>[39m
                  [36m</svg>[39m
                  [0mAdd Staff[0m
                [36m</button>[39m
              [36m</div>[39m
            [36m</div>[39m
            [36m<div[39m
              [33mclass[39m=[32m"px-2 xs:px-3 sm:px-6 py-2 xs:py-3 
sm:py-4"[39m
            [36m>[39m
              [36m<div[39m
                [33mclass[39m=[32m"overflow-x-auto"[39m
              [36m>[39m
                [36m<table>[39m
                  [36m<thead>[39m
                    [36m<tr>[39m
                      [36m<th[39m
                        [33mclass[39m=[32m"text-xs xs:text-sm"[39m
                      [36m>[39m
                        [0mName[0m
                      [36m</th>[39m
                      [36m<th[39m
                        [33mclass[39m=[32m"text-xs xs:text-sm"[39m
                      [36m>[39m
                        [0mContact[0m
                      [36m</th>[39m
                      [36m<th[39m
                        [33mclass[39m=[32m"text-xs xs:text-sm"[39m
                      [36m>[39m
                        [0mRole[0m
                      [36m</th>[39m
                      [36m<th[39m
                        [33mclass[39m=[32m"text-xs xs:text-sm"[39m
                      [36m>[39m
                        [0mStore[0m
                      [36m</th>[39m
                      [36m<th[39m
                        [33mclass[39m=[32m"text-xs xs:text-sm"[39m
                      [36m>[39m
                        [0mStatus[0m
                      [36m</th>[39m
                      [36m<th[39m
                        [33mclass[39m=[32m"text-xs xs:text-sm"[39m
                      [36m>[39m
                        [0mSales Count[0m
                      [36m</th>[39m
                      [36m<th[39m
                        [33mclass[39m=[32m"text-xs xs:text-sm"[39m
                      [36m>[39m
                        [0mRecharges Count[0m
                      [36m</th>[39m
                      [36m<th[39m
                        [33mclass[39m=[32m"text-xs xs:text-sm"[39m
                      [36m>[39m
                        [0mPassword[0m
                      [36m</th>[39m
                      [36m<th[39m
                        [33mclass[39m=[32m"text-xs xs:text-sm"[39m
                      [36m>[39m
                        [0mActions[0m
                      [36m</th>[39m
                    [36m</tr>[39m
                  [36m</thead>[39m
                  [36m<tbody>[39m
                    [36m<tr>[39m
                      [36m<td>[39m
                        [36m<div[39m
                          [33mclass[39m=[32m"h-4 w-[150px]"[39m
                          [33mdata-testid[39m=[32m"skeleton"[39m
                        [36m/>[39m
                        [36m<div[39m
                          [33mclass[39m=[32m"h-3 w-[100px] mt-2"[39m
                          [33mdata-testid[39m=[32m"skeleton"[39m
                        [36m/>[39m
                      [36m</td>[39m
                      [36m<td>[39m
                        [36m<div[39m
                          [33mclass[39m=[32m"h-4 w-[120px]"[39m
                          [33mdata-testid[39m=[32m"skeleton"[39m
                        [36m/>[39m
                      [36m</td>[39m
                      [36m<td>[39m
                        [36m<div[39m
                          [33mclass[39m=[32m"h-4 w-[80px]"[39m
                          [33mdata-testid[39m=[32m"skeleton"[39m
                        [36m/>[39m
                      [36m</td>[39m
                      [36m<td>[39m
                        [36m<div[39m
                          [33mclass[39m=[32m"h-4 w-[120px]"[39m
                          [33mdata-testid[39m=[32m"skeleton"[39m
                        [36m/>[39m
                      [36m</td>[39m
                      [36m<td>[39m
                        [36m<div[39m
                          [33mclass[39m=[32m"h-4 w-[70px]"[39m
                          [33mdata-testid[39m=[32m"skeleton"[39m
                        [36m/>[39m
                      [36m</td>[39m
                      [36m<td>[39m
                        [36m<div[39m
                          [33mclass[39m=[32m"h-4 w-[50px]"[39m
                          [33mdata-testid[39m=[32m"skeleton"[39m
                        [36m/>[39m
                      [36m</td>[39m
                      [36m<td>[39m
                        [36m<div[39m
                          [33mclass[39m=[32m"flex gap-2"[39m
                        [36m>[39m
                          [36m<div[39m
                            [33mclass[39m=[32m"h-8 w-[60px]"[39m
                            [33mdata-testid[39m=[32m"skeleton"[39m
                          [36m/>[39m
                          [36m<div[39m
                            [33mclass[39m=[32m"h-8 w-[80px]"[39m
                            [33mdata-testid[39m=[32m"skeleton"[39m
                          [36m/>[39m
                        [36m</div>[39m
                      [36m</td>[39m
                    [36m</tr>[39m
                    [36m<tr>[39m
                      [36m<td>[39m
                        [36m<div[39m
                          [33mclass[39m=[32m"h-4 w-[150px]"[39m
                          [33mdata-testid[39m=[32m"skeleton"[39m
                        [36m/>[39m
                        [36m<div[39m
                          [33mclass[39m=[32m"h-3 w-[100px] mt-2"[39m
                          [33mdata-testid[39m=[32m"skeleton"[39m
                        [36m/>[39m
                      [36m</td>[39m
                      [36m<td>[39m
                        [36m<div[39m
                          [33mclass[39m=[32m"h-4 w-[120px]"[39m
                          [33mdata-testid[39m=[32m"skeleton"[39m
                        [36m/>[39m
                      [36m</td>[39m
                      [36m<td>[39m
                        [36m<div[39m
                          [33mclass[39m=[32m"h-4 w-[80px]"[39m
                          [33mdata-testid[39m=[32m"skeleton"[39m
                        [36m/>[39m
                      [36m</td>[39m
                      [36m<td>[39m
                        [36m<div[39m
                          [33mclass[39m=[32m"h-4 w-[120px]"[39m
                          [33mdata-testid[39m=[32m"skeleton"[39m
                        [36m/>[39m
                      [36m</td>[39m
                      [36m<td>[39m
                        [36m<div[39m
                          [33mclass[39m=[32m"h-4 w-[70px]"[39m
                          [33mdata-testid[39m=[32m"skeleton"[39m
                        [36m/>[39m
                      [36m</td>[39m
                      [36m<td>[39m
                        [36m<div[39m
                          [33mclass[39m=[32m"h-4 w-[50px]"[39m
                          [33mdata-testid[39m=[32m"skeleton"[39m
                        [36m/>[39m
                      [36m</td>[39m
                      [36m<td>[39m
                        [36m<div[39m
                          [33mclass[39m=[32m"flex gap-2"[39m
                        [36m>[39m
                          [36m<div[39m
                            [33mclass[39m=[32m"h-8 w-[60px]"[39m
                            [33mdata-testid[39m=[32m"skeleton"[39m
                          [36m/>[39m
                          [36m<div[39m
                            [33mclass[39m=[32m"h-8 w-[80px]"[39m
                            [33mdata-testid[39m=[32m"skeleton"[39m
                          [36m/>[39m
                        [36m</div>[39m
                      [36m</td>[39m
                    [36m</tr>[39m
                    [36m<tr>[39m
                      [36m<td>[39m
                        [36m<div[39m
                          [33mclass[39m=[32m"h-4 w-[150px]"[39m
                          [33mdata-testid[39m=[32m"skeleton"[39m
                        [36m/>[39m
                        [36m<div[39m
                          [33mclass[39m=[32m"h-3 w-[100px] mt-2"[39m
                          [33mdata-testid[39m=[32m"skeleton"[39m
                        [36m/>[39m
                      [36m</td>[39m
                      [36m<td>[39m
                        [36m<div[39m
                          [33mclass[39m=[32m"h-4 w-[120px]"[39m
                          [33mdata-testid[39m=[32m"skeleton"[39m
                        [36m/>[39m
                      [36m</td>[39m
                      [36m<td>[39m
                        [36m<div[39m
                          [33mclass[39m=[32m"h-4 w-[80px]"[39m
                          [33mdata-testid[39m=[32m"skeleton"[39m
                        [36m/>[39m
                      [36m</td>[39m
                      [36m<td>[39m
                        [36m<div[39m
                          [33mclass[39m=[32m"h-4 w-[120px]"[39m
                          [33mdata-testid[39m=[32m"skeleton"[39m
                        [36m/>[39m
                      [36m</td>[39m
                      [36m<td>[39m
                        [36m<div[39m
                          [33mclass[39m=[32m"h-4 w-[70px]"[39m
                          [33mdata-testid[39m=[32m"skeleton"[39m
                        [36m/>[39m
                      [36m</td>[39m
                      [36m<td>[39m
                        [36m<div[39m
                          [33mclass[39m=[32m"h-4 w-[50px]"[39m
                          [33mdata-testid[39m=[32m"skeleton"[39m
                        [36m/>[39m
                      [36m</td>[39m
                      [36m<td>[39m
                        [36m<div[39m
                          [33mclass[39m=[32m"flex gap-2"[39m
                        [36m>[39m
                          [36m<div[39m
                            [33mclass[39m=[32m"h-8 w-[60px]"[39m
                            [33mdata-testid[39m=[32m"skeleton"[39m
                          [36m/>[39m
                          [36m<div[39m
                            [33mclass[39m=[32m"h-8 w-[80px]"[39m
                            [33mdata-testid[39m=[32m"skeleton"[39m
                          [36m/>[39m
                        [36m</div>[39m
                      [36m</td>[39m
                    [36m</tr>[39m
                    [36m<tr>[39m
                      [36m<td>[39m
                        [36m<div[39m
                          [33mclass[39m=[32m"h-4 w-[150px]"[39m
                          [33mdata-testid[39m=[32m"skeleton"[39m
                        [36m/>[39m
                        [36m<div[39m
                          [33mclass[39m=[32m"h-3 w-[100px] mt-2"[39m
                          [33mdata-testid[39m=[32m"skeleton"[39m
                        [36m/>[39m
                      [36m</td>[39m
                      [36m<td>[39m
                        [36m<div[39m
                          [33mclass[39m=[32m"h-4 w-[120px]"[39m
                          [33mdata-testid[39m=[32m"skeleton"[39m
                        [36m/>[39m
                      [36m</td>[39m
                      [36m<td>[39m
                        [36m<div[39m
                          [33mclass[39m=[32m"h-4 w-[80px]"[39m
                          [33mdata-testid[39m=[32m"skeleton"[39m
                        [36m/>[39m
                      [36m</td>[39m
                      [36m<td>[39m
                        [36m<div[39m
                          [33mclass[39m=[32m"h-4 w-[120px]"[39m
                          [33mdata-testid[39m=[32m"skeleton"[39m
                        [36m/>[39m
                      [36m</td>[39m
                      [36m<td>[39m
                        [36m<div[39m
                          [33mclass[39m=[32m"h-4 w-[70px]"[39m
                          [33mdata-testid[39m=[32m"skeleton"[39m
                        [36m/>[39m
                      [36m</td>[39m
                      [36m<td>[39m
                        [36m<div[39m
                          [33mclass[39m=[32m"h-4 w-[50px]"[39m
                          [33mdata-testid[39m=[32m"skeleton"[39m
                        [36m/>[39m
                      [36m</td>[39m
                      [36m<td>[39m
                        [36m<div[39m
                          [33mclass[39m=[32m"flex gap-2"[39m
                        [36m>[39m
                          [36m<div[39m
                            [33mclass[39m=[32m"h-8 w-[60px]"[39m
                            [33mdata-testid[39m=[32m"skeleton"[39m
                          [36m/>[39m
                          [36m<div[39m
                            [33mclass[39m=[32m"h-8 w-[80px]"[39m
                            [33mdata-testid[39m=[32m"skeleton"[39m
                          [36m/>[39m
                        [36m</div>[39m
                      [36m</td>[39m
                    [36m</tr>[39m
                    [36m<tr>[39m
                      [36m<td>[39m
                        [36m<div[39m
                          [33mclass[39m=[32m"h-4 w-[150px]"[39m
                          [33mdata-testid[39m=[32m"skeleton"[39m
                        [36m/>[39m
                        [36m<div[39m
                          [33mclass[39m=[32m"h-3 w-[100px] mt-2"[39m
                          [33mdata-testid[39m=[32m"skeleton"[39m
                        [36m/>[39m
                      [36m</td>[39m
                      [36m<td>[39m
                        [36m<div[39m
                          [33mclass[39m=[32m"h-4 w-[120px]"[39m
                          [33mdata-testid[39m=[32m"skeleton"[39m
                        [36m/>[39m
                      [36m</td>[39m
                      [36m<td>[39m
                        [36m<div[39m
                          [33mclass[39m=[32m"h-4 w-[80px]"[39m
                          [33mdata-testid[39m=[32m"skeleton"[39m
                        [36m/>[39m
                      [36m</td>[39m
                      [36m<td>[39m
                        [36m<div[39m
                          [33mclass[39m=[32m"h-4 w-[120px]"[39m
                          [33mdata-testid[39m=[32m"skeleton"[39m
                        [36m/>[39m
                      [36m</td>[39m
                      [36m<td>[39m
                        [36m<div[39m
                          [33mclass[39m=[32m"h-4 w-[70px]"[39m
                          [33mdata-testid[39m=[32m"skeleton"[39m
                        [36m/>[39m
                      [36m</td>[39m
                      [36m<td>[39m
                        [36m<div[39m
                          [33mclass[39m=[32m"h-4 w-[50px]"[39m
                          [33mdata-testid[39m=[32m"skeleton"[39m
                        [36m/>[39m
                      [36m</td>[39m
                      [36m<td>[39m
                        [36m<div[39m
                          [33mclass[39m=[32m"flex gap-2"[39m
                        [36m>[39m
                          [36m<div[39m
                            [33mclass[39m=[32m"h-8 w-[60px]"[39m
                            [33mdata-testid[39m=[32m"skeleton"[39m
                          [36m/>[39m
                          [36m<div[39m
                            [33mclass[39m=[32m"h-8 w-[80px]"[39m
                            [33mdata-testid[39m=[32m"skeleton"[39m
                          [36m/>[39m
                        [36m</div>[39m
                      [36m</td>[39m
                    [36m</tr>[39m
                  [36m</tbody>[39m
                [36m</table>[39m
              [36m</div>[39m
            [36m</div>[39m
          [36m</div>[39m
        [36m</div>[39m
      [36m</div>[39m
    [36m</body>[39m

    [0m [90m 202 |[39m   it([32m'should render loading state 
initially'[39m[33m,[39m () [33m=>[39m {
     [90m 203 |[39m     render([33m<[39m[33mStaffManagement[39m 
[33m/[39m[33m>[39m)[33m;[39m
    [31m[1m>[22m[39m[90m 204 |[39m     expect(screen[33m.[39mgetByTe
stId([32m'skeleton'[39m))[33m.[39mtoBeInTheDocument()[33m;[39m
     [90m     |[39m                   [31m[1m^[22m[39m
     [90m 205 |[39m   })[33m;[39m
     [90m 206 |[39m
     [90m 207 |[39m   it([32m'should render staff and stores data after 
loading'[39m[33m,[39m [36masync[39m () [33m=>[39m {[0m

      at Object.getElementError 
(node_modules/@testing-library/dom/dist/config.js:37:19)
      at getElementError 
(node_modules/@testing-library/dom/dist/query-helpers.js:20:35)
      at getMultipleElementsFoundError 
(node_modules/@testing-library/dom/dist/query-helpers.js:23:10)
      at node_modules/@testing-library/dom/dist/query-helpers.js:55:13
      at node_modules/@testing-library/dom/dist/query-helpers.js:95:19
      at Object.<anonymous> 
(src/components/admin/__tests__/StaffManagement.test.tsx:204:19)

  ΓùÅ StaffManagement ΓÇ║ should render staff and stores data after loading

    Unable to find an element with the text: John Doe. This could be 
because the text is broken up by multiple elements. In this case, you can 
provide a function for your text matcher to make your matcher more flexible.

    Ignored nodes: comments, script, style
    [36m<body>[39m
      [36m<div>[39m
        [36m<div[39m
          [33mclass[39m=[32m"space-y-6"[39m
        [36m>[39m
          [36m<div[39m
            [33mclass[39m=[32m"flex flex-col xs:flex-row justify-between 
items-start xs:items-center gap-3 xs:gap-2"[39m
          [36m>[39m
            [36m<div>[39m
              [36m<h1[39m
                [33mclass[39m=[32m"text-xl xs:text-2xl font-bold"[39m
              [36m>[39m
                [0mSystem Configuration[0m
              [36m</h1>[39m
              [36m<p[39m
                [33mclass[39m=[32m"text-sm xs:text-base 
text-muted-foreground"[39m
              [36m>[39m
                [0mManage staff accounts and store locations[0m
              [36m</p>[39m
              [36m<p[39m
                [33mclass[39m=[32m"text-sm xs:text-base 
text-muted-foreground"[39m
              [36m>[39m
                [0mThis tab shows both details of both live and demo 
stores[0m
              [36m</p>[39m
            [36m</div>[39m
            [36m<div[39m
              [33mclass[39m=[32m"flex flex-col xs:flex-row gap-2 w-full 
xs:w-auto"[39m
            [36m>[39m
              [36m<button[39m
                [33mclass[39m=[32m"h-10 text-xs xs:text-sm w-full 
xs:w-auto justify-start xs:justify-center"[39m
                [33mvariant[39m=[32m"default"[39m
              [36m>[39m
                [36m<svg[39m
                  [33mclass[39m=[32m"lucide lucide-user h-3.5 w-3.5 
xs:h-4 xs:w-4 mr-1.5 xs:mr-2"[39m
                  [33mfill[39m=[32m"none"[39m
                  [33mheight[39m=[32m"24"[39m
                  [33mstroke[39m=[32m"currentColor"[39m
                  [33mstroke-linecap[39m=[32m"round"[39m
                  [33mstroke-linejoin[39m=[32m"round"[39m
                  [33mstroke-width[39m=[32m"2"[39m
                  [33mviewBox[39m=[32m"0 0 24 24"[39m
                  [33mwidth[39m=[32m"24"[39m
                  [33mxmlns[39m=[32m"http://www.w3.org/2000/svg"[39m
                [36m>[39m
                  [36m<path[39m
                    [33md[39m=[32m"M19 21v-2a4 4 0 0 0-4-4H9a4 4 0 0 0-4 
4v2"[39m
                  [36m/>[39m
                  [36m<circle[39m
                    [33mcx[39m=[32m"12"[39m
                    [33mcy[39m=[32m"7"[39m
                    [33mr[39m=[32m"4"[39m
                  [36m/>[39m
                [36m</svg>[39m
                [0mStaff Management[0m
              [36m</button>[39m
              [36m<button[39m
                [33mclass[39m=[32m"h-10 text-xs xs:text-sm w-full 
xs:w-auto justify-start xs:justify-center"[39m
                [33mvariant[39m=[32m"outline"[39m
              [36m>[39m
                [36m<svg[39m
                  [33mclass[39m=[32m"lucide lucide-store h-3.5 w-3.5 
xs:h-4 xs:w-4 mr-1.5 xs:mr-2"[39m
                  [33mfill[39m=[32m"none"[39m
                  [33mheight[39m=[32m"24"[39m
                  [33mstroke[39m=[32m"currentColor"[39m
                  [33mstroke-linecap[39m=[32m"round"[39m
                  [33mstroke-linejoin[39m=[32m"round"[39m
                  [33mstroke-width[39m=[32m"2"[39m
                  [33mviewBox[39m=[32m"0 0 24 24"[39m
                  [33mwidth[39m=[32m"24"[39m
                  [33mxmlns[39m=[32m"http://www.w3.org/2000/svg"[39m
                [36m>[39m
                  [36m<path[39m
                    [33md[39m=[32m"m2 7 4.41-4.41A2 2 0 0 1 7.83 
2h8.34a2 2 0 0 1 1.42.59L22 7"[39m
                  [36m/>[39m
                  [36m<path[39m
                    [33md[39m=[32m"M4 12v8a2 2 0 0 0 2 2h12a2 2 0 0 0 
2-2v-8"[39m
                  [36m/>[39m
                  [36m<path[39m
                    [33md[39m=[32m"M15 22v-4a2 2 0 0 0-2-2h-2a2 2 0 0 
0-2 2v4"[39m
                  [36m/>[39m
                  [36m<path[39m
                    [33md[39m=[32m"M2 7h20"[39m
                  [36m/>[39m
                  [36m<path[39m
                    [33md[39m=[32m"M22 7v3a2 2 0 0 1-2 2a2.7 2.7 0 0 
1-1.59-.63.7.7 0 0 0-.82 0A2.7 2.7 0 0 1 16 12a2.7 2.7 0 0 1-1.59-.63.7.7 0 
0 0-.82 0A2.7 2.7 0 0 1 12 12a2.7 2.7 0 0 1-1.59-.63.7.7 0 0 0-.82 0A2.7 
2.7 0 0 1 8 12a2.7 2.7 0 0 1-1.59-.63.7.7 0 0 0-.82 0A2.7 2.7 0 0 1 4 12a2 
2 0 0 1-2-2V7"[39m
                  [36m/>[39m
                [36m</svg>[39m
                [0mStore Management[0m
              [36m</button>[39m
              [36m<button[39m
                [33mclass[39m=[32m"h-10 text-xs xs:text-sm w-full 
xs:w-auto justify-start xs:justify-center"[39m
                [33mvariant[39m=[32m"outline"[39m
              [36m>[39m
                [36m<svg[39m
                  [33mclass[39m=[32m"lucide lucide-key h-3.5 w-3.5 
xs:h-4 xs:w-4 mr-1.5 xs:mr-2"[39m
                  [33mfill[39m=[32m"none"[39m
                  [33mheight[39m=[32m"24"[39m
                  [33mstroke[39m=[32m"currentColor"[39m
                  [33mstroke-linecap[39m=[32m"round"[39m
                  [33mstroke-linejoin[39m=[32m"round"[39m
                  [33mstroke-width[39m=[32m"2"[39m
                  [33mviewBox[39m=[32m"0 0 24 24"[39m
                  [33mwidth[39m=[32m"24"[39m
                  [33mxmlns[39m=[32m"http://www.w3.org/2000/svg"[39m
                [36m>[39m
                  [36m<path[39m
                    [33md[39m=[32m"m15.5 7.5 2.3 2.3a1 1 0 0 0 1.4 
0l2.1-2.1a1 1 0 0 0 0-1.4L19 4"[39m
                  [36m/>[39m
                  [36m<path[39m
                    [33md[39m=[32m"m21 2-9.6 9.6"[39m
                  [36m/>[39m
                  [36m<circle[39m
                    [33mcx[39m=[32m"7.5"[39m
                    [33mcy[39m=[32m"15.5"[39m
                    [33mr[39m=[32m"5.5"[39m
                  [36m/>[39m
                [36m</svg>[39m
                [0mPassword Decryptor[0m
              [36m</button>[39m
            [36m</div>[39m
          [36m</div>[39m
          [36m<div>[39m
            [36m<div[39m
              [33mclass[39m=[32m"px-2 xs:px-3 sm:px-6 py-2 xs:py-3 
sm:py-4"[39m
            [36m>[39m
              [36m<div[39m
                [33mclass[39m=[32m"flex flex-col xs:flex-row 
justify-between items-start xs:items-center gap-2 xs:gap-0"[39m
              [36m>[39m
                [36m<div>[39m
                  [36m<h3[39m
                    [33mclass[39m=[32m"text-sm xs:text-base 
sm:text-lg"[39m
                  [36m>[39m
                    [0mStaff Members[0m
                  [36m</h3>[39m
                  [36m<div[39m
                    [33mclass[39m=[32m"text-[10px] xs:text-xs 
sm:text-sm"[39m
                  [36m>[39m
                    [0m0[0m
                    [0m staff members across [0m
                    [0m0[0m
                    [0m stores[0m
                  [36m</div>[39m
                [36m</div>[39m
                [36m<button[39m
                  [33mclass[39m=[32m"h-8 xs:h-9 sm:h-10 text-xs 
xs:text-sm px-2 xs:px-3 sm:px-4 w-full xs:w-auto"[39m
                [36m>[39m
                  [36m<svg[39m
                    [33mclass[39m=[32m"lucide lucide-user-plus h-3 w-3 
xs:h-3.5 xs:w-3.5 sm:h-4 sm:w-4 mr-1 xs:mr-1.5 sm:mr-2"[39m
                    [33mfill[39m=[32m"none"[39m
                    [33mheight[39m=[32m"24"[39m
                    [33mstroke[39m=[32m"currentColor"[39m
                    [33mstroke-linecap[39m=[32m"round"[39m
                    [33mstroke-linejoin[39m=[32m"round"[39m
                    [33mstroke-width[39m=[32m"2"[39m
                    [33mviewBox[39m=[32m"0 0 24 24"[39m
                    [33mwidth[39m=[32m"24"[39m
                    [33mxmlns[39m=[32m"http://www.w3.org/2000/svg"[39m
                  [36m>[39m
                    [36m<path[39m
                      [33md[39m=[32m"M16 21v-2a4 4 0 0 0-4-4H6a4 4 0 0 
0-4 4v2"[39m
                    [36m/>[39m
                    [36m<circle[39m
                      [33mcx[39m=[32m"9"[39m
                      [33mcy[39m=[32m"7"[39m
                      [33mr[39m=[32m"4"[39m
                    [36m/>[39m
                    [36m<line[39m
                      [33mx1[39m=[32m"19"[39m
                      [33mx2[39m=[32m"19"[39m
                      [33my1[39m=[32m"8"[39m
                      [33my2[39m=[32m"14"[39m
                    [36m/>[39m
                    [36m<line[39m
                      [33mx1[39m=[32m"22"[39m
                      [33mx2[39m=[32m"16"[39m
                      [33my1[39m=[32m"11"[39m
                      [33my2[39m=[32m"11"[39m
                    [36m/>[39m
                  [36m</svg>[39m
                  [0mAdd Staff[0m
                [36m</button>[39m
              [36m</div>[39m
            [36m</div>[39m
            [36m<div[39m
              [33mclass[39m=[32m"px-2 xs:px-3 sm:px-6 py-2 xs:py-3 
sm:py-4"[39m
            [36m>[39m
              [36m<div[39m
                [33mclass[39m=[32m"overflow-x-auto"[39m
              [36m>[39m
                [36m<table>[39m
                  [36m<thead>[39m
                    [36m<tr>[39m
                      [36m<th[39m
                        [33mclass[39m=[32m"text-xs xs:text-sm"[39m
                      [36m>[39m
                        [0mName[0m
                      [36m</th>[39m
                      [36m<th[39m
                        [33mclass[39m=[32m"text-xs xs:text-sm"[39m
                      [36m>[39m
                        [0mContact[0m
                      [36m</th>[39m
                      [36m<th[39m
                        [33mclass[39m=[32m"text-xs xs:text-sm"[39m
                      [36m>[39m
                        [0mRole[0m
                      [36m</th>[39m
                      [36m<th[39m
                        [33mclass[39m=[32m"text-xs xs:text-sm"[39m
                      [36m>[39m
                        [0mStore[0m
                      [36m</th>[39m
                      [36m<th[39m
                        [33mclass[39m=[32m"text-xs xs:text-sm"[39m
                      [36m>[39m
                        [0mStatus[0m
                      [36m</th>[39m
                      [36m<th[39m
                        [33mclass[39m=[32m"text-xs xs:text-sm"[39m
                      [36m>[39m
                        [0mSales Count[0m
                      [36m</th>[39m
                      [36m<th[39m
                        [33mclass[39m=[32m"text-xs xs:text-sm"[39m
                      [36m>[39m
                        [0mRecharges Count[0m
                      [36m</th>[39m
                      [36m<th[39m
                        [33mclass[39m=[32m"text-xs xs:text-sm"[39m
                      [36m>[39m
                        [0mPassword[0m
                      [36m</th>[39m
                      [36m<th[39m
                        [33mclass[39m=[32m"text-xs xs:text-sm"[39m
                      [36m>[39m
                        [0mActions[0m
                      [36m</th>[39m
                    [36m</tr>[39m
                  [36m</thead>[39m
                  [36m<tbody />[39m
                [36m</table>[39m
              [36m</div>[39m
            [36m</div>[39m
          [36m</div>[39m
        [36m</div>[39m
      [36m</div>[39m
    [36m</body>[39m

    [0m [90m 208 |[39m     render([33m<[39m[33mStaffManagement[39m 
[33m/[39m[33m>[39m)[33m;[39m
     [90m 209 |[39m     
    [31m[1m>[22m[39m[90m 210 |[39m     [36mawait[39m waitFor(() 
[33m=>[39m {
     [90m     |[39m                  [31m[1m^[22m[39m
     [90m 211 |[39m       expect(screen[33m.[39mgetByText([32m'John 
Doe'[39m))[33m.[39mtoBeInTheDocument()[33m;[39m
     [90m 212 |[39m       expect(screen[33m.[39mgetByText([32m'john@tes
t.com'[39m))[33m.[39mtoBeInTheDocument()[33m;[39m
     [90m 213 |[39m       expect(screen[33m.[39mgetByText([32m'98765432
10'[39m))[33m.[39mtoBeInTheDocument()[33m;[39m[0m

      at waitForWrapper 
(node_modules/@testing-library/dom/dist/wait-for.js:163:27)
      at src/components/admin/__tests__/StaffManagement.test.tsx:210:18
      at src/components/admin/__tests__/StaffManagement.test.tsx:8:71
      at __awaiter 
(src/components/admin/__tests__/StaffManagement.test.tsx:4:12)
      at Object.<anonymous> 
(src/components/admin/__tests__/StaffManagement.test.tsx:207:70)

  ΓùÅ StaffManagement ΓÇ║ should open staff dialog when Add Staff button is 
clicked

    Unable to find an element with the text: John Doe. This could be 
because the text is broken up by multiple elements. In this case, you can 
provide a function for your text matcher to make your matcher more flexible.

    Ignored nodes: comments, script, style
    [36m<body>[39m
      [36m<div>[39m
        [36m<div[39m
          [33mclass[39m=[32m"space-y-6"[39m
        [36m>[39m
          [36m<div[39m
            [33mclass[39m=[32m"flex flex-col xs:flex-row justify-between 
items-start xs:items-center gap-3 xs:gap-2"[39m
          [36m>[39m
            [36m<div>[39m
              [36m<h1[39m
                [33mclass[39m=[32m"text-xl xs:text-2xl font-bold"[39m
              [36m>[39m
                [0mSystem Configuration[0m
              [36m</h1>[39m
              [36m<p[39m
                [33mclass[39m=[32m"text-sm xs:text-base 
text-muted-foreground"[39m
              [36m>[39m
                [0mManage staff accounts and store locations[0m
              [36m</p>[39m
              [36m<p[39m
                [33mclass[39m=[32m"text-sm xs:text-base 
text-muted-foreground"[39m
              [36m>[39m
                [0mThis tab shows both details of both live and demo 
stores[0m
              [36m</p>[39m
            [36m</div>[39m
            [36m<div[39m
              [33mclass[39m=[32m"flex flex-col xs:flex-row gap-2 w-full 
xs:w-auto"[39m
            [36m>[39m
              [36m<button[39m
                [33mclass[39m=[32m"h-10 text-xs xs:text-sm w-full 
xs:w-auto justify-start xs:justify-center"[39m
                [33mvariant[39m=[32m"default"[39m
              [36m>[39m
                [36m<svg[39m
                  [33mclass[39m=[32m"lucide lucide-user h-3.5 w-3.5 
xs:h-4 xs:w-4 mr-1.5 xs:mr-2"[39m
                  [33mfill[39m=[32m"none"[39m
                  [33mheight[39m=[32m"24"[39m
                  [33mstroke[39m=[32m"currentColor"[39m
                  [33mstroke-linecap[39m=[32m"round"[39m
                  [33mstroke-linejoin[39m=[32m"round"[39m
                  [33mstroke-width[39m=[32m"2"[39m
                  [33mviewBox[39m=[32m"0 0 24 24"[39m
                  [33mwidth[39m=[32m"24"[39m
                  [33mxmlns[39m=[32m"http://www.w3.org/2000/svg"[39m
                [36m>[39m
                  [36m<path[39m
                    [33md[39m=[32m"M19 21v-2a4 4 0 0 0-4-4H9a4 4 0 0 0-4 
4v2"[39m
                  [36m/>[39m
                  [36m<circle[39m
                    [33mcx[39m=[32m"12"[39m
                    [33mcy[39m=[32m"7"[39m
                    [33mr[39m=[32m"4"[39m
                  [36m/>[39m
                [36m</svg>[39m
                [0mStaff Management[0m
              [36m</button>[39m
              [36m<button[39m
                [33mclass[39m=[32m"h-10 text-xs xs:text-sm w-full 
xs:w-auto justify-start xs:justify-center"[39m
                [33mvariant[39m=[32m"outline"[39m
              [36m>[39m
                [36m<svg[39m
                  [33mclass[39m=[32m"lucide lucide-store h-3.5 w-3.5 
xs:h-4 xs:w-4 mr-1.5 xs:mr-2"[39m
                  [33mfill[39m=[32m"none"[39m
                  [33mheight[39m=[32m"24"[39m
                  [33mstroke[39m=[32m"currentColor"[39m
                  [33mstroke-linecap[39m=[32m"round"[39m
                  [33mstroke-linejoin[39m=[32m"round"[39m
                  [33mstroke-width[39m=[32m"2"[39m
                  [33mviewBox[39m=[32m"0 0 24 24"[39m
                  [33mwidth[39m=[32m"24"[39m
                  [33mxmlns[39m=[32m"http://www.w3.org/2000/svg"[39m
                [36m>[39m
                  [36m<path[39m
                    [33md[39m=[32m"m2 7 4.41-4.41A2 2 0 0 1 7.83 
2h8.34a2 2 0 0 1 1.42.59L22 7"[39m
                  [36m/>[39m
                  [36m<path[39m
                    [33md[39m=[32m"M4 12v8a2 2 0 0 0 2 2h12a2 2 0 0 0 
2-2v-8"[39m
                  [36m/>[39m
                  [36m<path[39m
                    [33md[39m=[32m"M15 22v-4a2 2 0 0 0-2-2h-2a2 2 0 0 
0-2 2v4"[39m
                  [36m/>[39m
                  [36m<path[39m
                    [33md[39m=[32m"M2 7h20"[39m
                  [36m/>[39m
                  [36m<path[39m
                    [33md[39m=[32m"M22 7v3a2 2 0 0 1-2 2a2.7 2.7 0 0 
1-1.59-.63.7.7 0 0 0-.82 0A2.7 2.7 0 0 1 16 12a2.7 2.7 0 0 1-1.59-.63.7.7 0 
0 0-.82 0A2.7 2.7 0 0 1 12 12a2.7 2.7 0 0 1-1.59-.63.7.7 0 0 0-.82 0A2.7 
2.7 0 0 1 8 12a2.7 2.7 0 0 1-1.59-.63.7.7 0 0 0-.82 0A2.7 2.7 0 0 1 4 12a2 
2 0 0 1-2-2V7"[39m
                  [36m/>[39m
                [36m</svg>[39m
                [0mStore Management[0m
              [36m</button>[39m
              [36m<button[39m
                [33mclass[39m=[32m"h-10 text-xs xs:text-sm w-full 
xs:w-auto justify-start xs:justify-center"[39m
                [33mvariant[39m=[32m"outline"[39m
              [36m>[39m
                [36m<svg[39m
                  [33mclass[39m=[32m"lucide lucide-key h-3.5 w-3.5 
xs:h-4 xs:w-4 mr-1.5 xs:mr-2"[39m
                  [33mfill[39m=[32m"none"[39m
                  [33mheight[39m=[32m"24"[39m
                  [33mstroke[39m=[32m"currentColor"[39m
                  [33mstroke-linecap[39m=[32m"round"[39m
                  [33mstroke-linejoin[39m=[32m"round"[39m
                  [33mstroke-width[39m=[32m"2"[39m
                  [33mviewBox[39m=[32m"0 0 24 24"[39m
                  [33mwidth[39m=[32m"24"[39m
                  [33mxmlns[39m=[32m"http://www.w3.org/2000/svg"[39m
                [36m>[39m
                  [36m<path[39m
                    [33md[39m=[32m"m15.5 7.5 2.3 2.3a1 1 0 0 0 1.4 
0l2.1-2.1a1 1 0 0 0 0-1.4L19 4"[39m
                  [36m/>[39m
                  [36m<path[39m
                    [33md[39m=[32m"m21 2-9.6 9.6"[39m
                  [36m/>[39m
                  [36m<circle[39m
                    [33mcx[39m=[32m"7.5"[39m
                    [33mcy[39m=[32m"15.5"[39m
                    [33mr[39m=[32m"5.5"[39m
                  [36m/>[39m
                [36m</svg>[39m
                [0mPassword Decryptor[0m
              [36m</button>[39m
            [36m</div>[39m
          [36m</div>[39m
          [36m<div>[39m
            [36m<div[39m
              [33mclass[39m=[32m"px-2 xs:px-3 sm:px-6 py-2 xs:py-3 
sm:py-4"[39m
            [36m>[39m
              [36m<div[39m
                [33mclass[39m=[32m"flex flex-col xs:flex-row 
justify-between items-start xs:items-center gap-2 xs:gap-0"[39m
              [36m>[39m
                [36m<div>[39m
                  [36m<h3[39m
                    [33mclass[39m=[32m"text-sm xs:text-base 
sm:text-lg"[39m
                  [36m>[39m
                    [0mStaff Members[0m
                  [36m</h3>[39m
                  [36m<div[39m
                    [33mclass[39m=[32m"text-[10px] xs:text-xs 
sm:text-sm"[39m
                  [36m>[39m
                    [0m0[0m
                    [0m staff members across [0m
                    [0m0[0m
                    [0m stores[0m
                  [36m</div>[39m
                [36m</div>[39m
                [36m<button[39m
                  [33mclass[39m=[32m"h-8 xs:h-9 sm:h-10 text-xs 
xs:text-sm px-2 xs:px-3 sm:px-4 w-full xs:w-auto"[39m
                [36m>[39m
                  [36m<svg[39m
                    [33mclass[39m=[32m"lucide lucide-user-plus h-3 w-3 
xs:h-3.5 xs:w-3.5 sm:h-4 sm:w-4 mr-1 xs:mr-1.5 sm:mr-2"[39m
                    [33mfill[39m=[32m"none"[39m
                    [33mheight[39m=[32m"24"[39m
                    [33mstroke[39m=[32m"currentColor"[39m
                    [33mstroke-linecap[39m=[32m"round"[39m
                    [33mstroke-linejoin[39m=[32m"round"[39m
                    [33mstroke-width[39m=[32m"2"[39m
                    [33mviewBox[39m=[32m"0 0 24 24"[39m
                    [33mwidth[39m=[32m"24"[39m
                    [33mxmlns[39m=[32m"http://www.w3.org/2000/svg"[39m
                  [36m>[39m
                    [36m<path[39m
                      [33md[39m=[32m"M16 21v-2a4 4 0 0 0-4-4H6a4 4 0 0 
0-4 4v2"[39m
                    [36m/>[39m
                    [36m<circle[39m
                      [33mcx[39m=[32m"9"[39m
                      [33mcy[39m=[32m"7"[39m
                      [33mr[39m=[32m"4"[39m
                    [36m/>[39m
                    [36m<line[39m
                      [33mx1[39m=[32m"19"[39m
                      [33mx2[39m=[32m"19"[39m
                      [33my1[39m=[32m"8"[39m
                      [33my2[39m=[32m"14"[39m
                    [36m/>[39m
                    [36m<line[39m
                      [33mx1[39m=[32m"22"[39m
                      [33mx2[39m=[32m"16"[39m
                      [33my1[39m=[32m"11"[39m
                      [33my2[39m=[32m"11"[39m
                    [36m/>[39m
                  [36m</svg>[39m
                  [0mAdd Staff[0m
                [36m</button>[39m
              [36m</div>[39m
            [36m</div>[39m
            [36m<div[39m
              [33mclass[39m=[32m"px-2 xs:px-3 sm:px-6 py-2 xs:py-3 
sm:py-4"[39m
            [36m>[39m
              [36m<div[39m
                [33mclass[39m=[32m"overflow-x-auto"[39m
              [36m>[39m
                [36m<table>[39m
                  [36m<thead>[39m
                    [36m<tr>[39m
                      [36m<th[39m
                        [33mclass[39m=[32m"text-xs xs:text-sm"[39m
                      [36m>[39m
                        [0mName[0m
                      [36m</th>[39m
                      [36m<th[39m
                        [33mclass[39m=[32m"text-xs xs:text-sm"[39m
                      [36m>[39m
                        [0mContact[0m
                      [36m</th>[39m
                      [36m<th[39m
                        [33mclass[39m=[32m"text-xs xs:text-sm"[39m
                      [36m>[39m
                        [0mRole[0m
                      [36m</th>[39m
                      [36m<th[39m
                        [33mclass[39m=[32m"text-xs xs:text-sm"[39m
                      [36m>[39m
                        [0mStore[0m
                      [36m</th>[39m
                      [36m<th[39m
                        [33mclass[39m=[32m"text-xs xs:text-sm"[39m
                      [36m>[39m
                        [0mStatus[0m
                      [36m</th>[39m
                      [36m<th[39m
                        [33mclass[39m=[32m"text-xs xs:text-sm"[39m
                      [36m>[39m
                        [0mSales Count[0m
                      [36m</th>[39m
                      [36m<th[39m
                        [33mclass[39m=[32m"text-xs xs:text-sm"[39m
                      [36m>[39m
                        [0mRecharges Count[0m
                      [36m</th>[39m
                      [36m<th[39m
                        [33mclass[39m=[32m"text-xs xs:text-sm"[39m
                      [36m>[39m
                        [0mPassword[0m
                      [36m</th>[39m
                      [36m<th[39m
                        [33mclass[39m=[32m"text-xs xs:text-sm"[39m
                      [36m>[39m
                        [0mActions[0m
                      [36m</th>[39m
                    [36m</tr>[39m
                  [36m</thead>[39m
                  [36m<tbody />[39m
                [36m</table>[39m
              [36m</div>[39m
            [36m</div>[39m
          [36m</div>[39m
        [36m</div>[39m
      [36m</div>[39m
    [36m</body>[39m

    [0m [90m 218 |[39m     render([33m<[39m[33mStaffManagement[39m 
[33m/[39m[33m>[39m)[33m;[39m
     [90m 219 |[39m     
    [31m[1m>[22m[39m[90m 220 |[39m     [36mawait[39m waitFor(() 
[33m=>[39m {
     [90m     |[39m                  [31m[1m^[22m[39m
     [90m 221 |[39m       expect(screen[33m.[39mgetByText([32m'John 
Doe'[39m))[33m.[39mtoBeInTheDocument()[33m;[39m
     [90m 222 |[39m     })[33m;[39m
     [90m 223 |[39m     [0m

      at waitForWrapper 
(node_modules/@testing-library/dom/dist/wait-for.js:163:27)
      at src/components/admin/__tests__/StaffManagement.test.tsx:220:18
      at src/components/admin/__tests__/StaffManagement.test.tsx:8:71
      at __awaiter 
(src/components/admin/__tests__/StaffManagement.test.tsx:4:12)
      at Object.<anonymous> 
(src/components/admin/__tests__/StaffManagement.test.tsx:217:78)

  ΓùÅ StaffManagement ΓÇ║ should validate staff email format

    Unable to find an element with the text: John Doe. This could be 
because the text is broken up by multiple elements. In this case, you can 
provide a function for your text matcher to make your matcher more flexible.

    Ignored nodes: comments, script, style
    [36m<body>[39m
      [36m<div>[39m
        [36m<div[39m
          [33mclass[39m=[32m"space-y-6"[39m
        [36m>[39m
          [36m<div[39m
            [33mclass[39m=[32m"flex flex-col xs:flex-row justify-between 
items-start xs:items-center gap-3 xs:gap-2"[39m
          [36m>[39m
            [36m<div>[39m
              [36m<h1[39m
                [33mclass[39m=[32m"text-xl xs:text-2xl font-bold"[39m
              [36m>[39m
                [0mSystem Configuration[0m
              [36m</h1>[39m
              [36m<p[39m
                [33mclass[39m=[32m"text-sm xs:text-base 
text-muted-foreground"[39m
              [36m>[39m
                [0mManage staff accounts and store locations[0m
              [36m</p>[39m
              [36m<p[39m
                [33mclass[39m=[32m"text-sm xs:text-base 
text-muted-foreground"[39m
              [36m>[39m
                [0mThis tab shows both details of both live and demo 
stores[0m
              [36m</p>[39m
            [36m</div>[39m
            [36m<div[39m
              [33mclass[39m=[32m"flex flex-col xs:flex-row gap-2 w-full 
xs:w-auto"[39m
            [36m>[39m
              [36m<button[39m
                [33mclass[39m=[32m"h-10 text-xs xs:text-sm w-full 
xs:w-auto justify-start xs:justify-center"[39m
                [33mvariant[39m=[32m"default"[39m
              [36m>[39m
                [36m<svg[39m
                  [33mclass[39m=[32m"lucide lucide-user h-3.5 w-3.5 
xs:h-4 xs:w-4 mr-1.5 xs:mr-2"[39m
                  [33mfill[39m=[32m"none"[39m
                  [33mheight[39m=[32m"24"[39m
                  [33mstroke[39m=[32m"currentColor"[39m
                  [33mstroke-linecap[39m=[32m"round"[39m
                  [33mstroke-linejoin[39m=[32m"round"[39m
                  [33mstroke-width[39m=[32m"2"[39m
                  [33mviewBox[39m=[32m"0 0 24 24"[39m
                  [33mwidth[39m=[32m"24"[39m
                  [33mxmlns[39m=[32m"http://www.w3.org/2000/svg"[39m
                [36m>[39m
                  [36m<path[39m
                    [33md[39m=[32m"M19 21v-2a4 4 0 0 0-4-4H9a4 4 0 0 0-4 
4v2"[39m
                  [36m/>[39m
                  [36m<circle[39m
                    [33mcx[39m=[32m"12"[39m
                    [33mcy[39m=[32m"7"[39m
                    [33mr[39m=[32m"4"[39m
                  [36m/>[39m
                [36m</svg>[39m
                [0mStaff Management[0m
              [36m</button>[39m
              [36m<button[39m
                [33mclass[39m=[32m"h-10 text-xs xs:text-sm w-full 
xs:w-auto justify-start xs:justify-center"[39m
                [33mvariant[39m=[32m"outline"[39m
              [36m>[39m
                [36m<svg[39m
                  [33mclass[39m=[32m"lucide lucide-store h-3.5 w-3.5 
xs:h-4 xs:w-4 mr-1.5 xs:mr-2"[39m
                  [33mfill[39m=[32m"none"[39m
                  [33mheight[39m=[32m"24"[39m
                  [33mstroke[39m=[32m"currentColor"[39m
                  [33mstroke-linecap[39m=[32m"round"[39m
                  [33mstroke-linejoin[39m=[32m"round"[39m
                  [33mstroke-width[39m=[32m"2"[39m
                  [33mviewBox[39m=[32m"0 0 24 24"[39m
                  [33mwidth[39m=[32m"24"[39m
                  [33mxmlns[39m=[32m"http://www.w3.org/2000/svg"[39m
                [36m>[39m
                  [36m<path[39m
                    [33md[39m=[32m"m2 7 4.41-4.41A2 2 0 0 1 7.83 
2h8.34a2 2 0 0 1 1.42.59L22 7"[39m
                  [36m/>[39m
                  [36m<path[39m
                    [33md[39m=[32m"M4 12v8a2 2 0 0 0 2 2h12a2 2 0 0 0 
2-2v-8"[39m
                  [36m/>[39m
                  [36m<path[39m
                    [33md[39m=[32m"M15 22v-4a2 2 0 0 0-2-2h-2a2 2 0 0 
0-2 2v4"[39m
                  [36m/>[39m
                  [36m<path[39m
                    [33md[39m=[32m"M2 7h20"[39m
                  [36m/>[39m
                  [36m<path[39m
                    [33md[39m=[32m"M22 7v3a2 2 0 0 1-2 2a2.7 2.7 0 0 
1-1.59-.63.7.7 0 0 0-.82 0A2.7 2.7 0 0 1 16 12a2.7 2.7 0 0 1-1.59-.63.7.7 0 
0 0-.82 0A2.7 2.7 0 0 1 12 12a2.7 2.7 0 0 1-1.59-.63.7.7 0 0 0-.82 0A2.7 
2.7 0 0 1 8 12a2.7 2.7 0 0 1-1.59-.63.7.7 0 0 0-.82 0A2.7 2.7 0 0 1 4 12a2 
2 0 0 1-2-2V7"[39m
                  [36m/>[39m
                [36m</svg>[39m
                [0mStore Management[0m
              [36m</button>[39m
              [36m<button[39m
                [33mclass[39m=[32m"h-10 text-xs xs:text-sm w-full 
xs:w-auto justify-start xs:justify-center"[39m
                [33mvariant[39m=[32m"outline"[39m
              [36m>[39m
                [36m<svg[39m
                  [33mclass[39m=[32m"lucide lucide-key h-3.5 w-3.5 
xs:h-4 xs:w-4 mr-1.5 xs:mr-2"[39m
                  [33mfill[39m=[32m"none"[39m
                  [33mheight[39m=[32m"24"[39m
                  [33mstroke[39m=[32m"currentColor"[39m
                  [33mstroke-linecap[39m=[32m"round"[39m
                  [33mstroke-linejoin[39m=[32m"round"[39m
                  [33mstroke-width[39m=[32m"2"[39m
                  [33mviewBox[39m=[32m"0 0 24 24"[39m
                  [33mwidth[39m=[32m"24"[39m
                  [33mxmlns[39m=[32m"http://www.w3.org/2000/svg"[39m
                [36m>[39m
                  [36m<path[39m
                    [33md[39m=[32m"m15.5 7.5 2.3 2.3a1 1 0 0 0 1.4 
0l2.1-2.1a1 1 0 0 0 0-1.4L19 4"[39m
                  [36m/>[39m
                  [36m<path[39m
                    [33md[39m=[32m"m21 2-9.6 9.6"[39m
                  [36m/>[39m
                  [36m<circle[39m
                    [33mcx[39m=[32m"7.5"[39m
                    [33mcy[39m=[32m"15.5"[39m
                    [33mr[39m=[32m"5.5"[39m
                  [36m/>[39m
                [36m</svg>[39m
                [0mPassword Decryptor[0m
              [36m</button>[39m
            [36m</div>[39m
          [36m</div>[39m
          [36m<div>[39m
            [36m<div[39m
              [33mclass[39m=[32m"px-2 xs:px-3 sm:px-6 py-2 xs:py-3 
sm:py-4"[39m
            [36m>[39m
              [36m<div[39m
                [33mclass[39m=[32m"flex flex-col xs:flex-row 
justify-between items-start xs:items-center gap-2 xs:gap-0"[39m
              [36m>[39m
                [36m<div>[39m
                  [36m<h3[39m
                    [33mclass[39m=[32m"text-sm xs:text-base 
sm:text-lg"[39m
                  [36m>[39m
                    [0mStaff Members[0m
                  [36m</h3>[39m
                  [36m<div[39m
                    [33mclass[39m=[32m"text-[10px] xs:text-xs 
sm:text-sm"[39m
                  [36m>[39m
                    [0m0[0m
                    [0m staff members across [0m
                    [0m0[0m
                    [0m stores[0m
                  [36m</div>[39m
                [36m</div>[39m
                [36m<button[39m
                  [33mclass[39m=[32m"h-8 xs:h-9 sm:h-10 text-xs 
xs:text-sm px-2 xs:px-3 sm:px-4 w-full xs:w-auto"[39m
                [36m>[39m
                  [36m<svg[39m
                    [33mclass[39m=[32m"lucide lucide-user-plus h-3 w-3 
xs:h-3.5 xs:w-3.5 sm:h-4 sm:w-4 mr-1 xs:mr-1.5 sm:mr-2"[39m
                    [33mfill[39m=[32m"none"[39m
                    [33mheight[39m=[32m"24"[39m
                    [33mstroke[39m=[32m"currentColor"[39m
                    [33mstroke-linecap[39m=[32m"round"[39m
                    [33mstroke-linejoin[39m=[32m"round"[39m
                    [33mstroke-width[39m=[32m"2"[39m
                    [33mviewBox[39m=[32m"0 0 24 24"[39m
                    [33mwidth[39m=[32m"24"[39m
                    [33mxmlns[39m=[32m"http://www.w3.org/2000/svg"[39m
                  [36m>[39m
                    [36m<path[39m
                      [33md[39m=[32m"M16 21v-2a4 4 0 0 0-4-4H6a4 4 0 0 
0-4 4v2"[39m
                    [36m/>[39m
                    [36m<circle[39m
                      [33mcx[39m=[32m"9"[39m
                      [33mcy[39m=[32m"7"[39m
                      [33mr[39m=[32m"4"[39m
                    [36m/>[39m
                    [36m<line[39m
                      [33mx1[39m=[32m"19"[39m
                      [33mx2[39m=[32m"19"[39m
                      [33my1[39m=[32m"8"[39m
                      [33my2[39m=[32m"14"[39m
                    [36m/>[39m
                    [36m<line[39m
                      [33mx1[39m=[32m"22"[39m
                      [33mx2[39m=[32m"16"[39m
                      [33my1[39m=[32m"11"[39m
                      [33my2[39m=[32m"11"[39m
                    [36m/>[39m
                  [36m</svg>[39m
                  [0mAdd Staff[0m
                [36m</button>[39m
              [36m</div>[39m
            [36m</div>[39m
            [36m<div[39m
              [33mclass[39m=[32m"px-2 xs:px-3 sm:px-6 py-2 xs:py-3 
sm:py-4"[39m
            [36m>[39m
              [36m<div[39m
                [33mclass[39m=[32m"overflow-x-auto"[39m
              [36m>[39m
                [36m<table>[39m
                  [36m<thead>[39m
                    [36m<tr>[39m
                      [36m<th[39m
                        [33mclass[39m=[32m"text-xs xs:text-sm"[39m
                      [36m>[39m
                        [0mName[0m
                      [36m</th>[39m
                      [36m<th[39m
                        [33mclass[39m=[32m"text-xs xs:text-sm"[39m
                      [36m>[39m
                        [0mContact[0m
                      [36m</th>[39m
                      [36m<th[39m
                        [33mclass[39m=[32m"text-xs xs:text-sm"[39m
                      [36m>[39m
                        [0mRole[0m
                      [36m</th>[39m
                      [36m<th[39m
                        [33mclass[39m=[32m"text-xs xs:text-sm"[39m
                      [36m>[39m
                        [0mStore[0m
                      [36m</th>[39m
                      [36m<th[39m
                        [33mclass[39m=[32m"text-xs xs:text-sm"[39m
                      [36m>[39m
                        [0mStatus[0m
                      [36m</th>[39m
                      [36m<th[39m
                        [33mclass[39m=[32m"text-xs xs:text-sm"[39m
                      [36m>[39m
                        [0mSales Count[0m
                      [36m</th>[39m
                      [36m<th[39m
                        [33mclass[39m=[32m"text-xs xs:text-sm"[39m
                      [36m>[39m
                        [0mRecharges Count[0m
                      [36m</th>[39m
                      [36m<th[39m
                        [33mclass[39m=[32m"text-xs xs:text-sm"[39m
                      [36m>[39m
                        [0mPassword[0m
                      [36m</th>[39m
                      [36m<th[39m
                        [33mclass[39m=[32m"text-xs xs:text-sm"[39m
                      [36m>[39m
                        [0mActions[0m
                      [36m</th>[39m
                    [36m</tr>[39m
                  [36m</thead>[39m
                  [36m<tbody />[39m
                [36m</table>[39m
              [36m</div>[39m
            [36m</div>[39m
          [36m</div>[39m
        [36m</div>[39m
      [36m</div>[39m
    [36m</body>[39m

    [0m [90m 231 |[39m     render([33m<[39m[33mStaffManagement[39m 
[33m/[39m[33m>[39m)[33m;[39m
     [90m 232 |[39m     
    [31m[1m>[22m[39m[90m 233 |[39m     [36mawait[39m waitFor(() 
[33m=>[39m {
     [90m     |[39m                  [31m[1m^[22m[39m
     [90m 234 |[39m       expect(screen[33m.[39mgetByText([32m'John 
Doe'[39m))[33m.[39mtoBeInTheDocument()[33m;[39m
     [90m 235 |[39m     })[33m;[39m
     [90m 236 |[39m     [0m

      at waitForWrapper 
(node_modules/@testing-library/dom/dist/wait-for.js:163:27)
      at src/components/admin/__tests__/StaffManagement.test.tsx:233:18
      at src/components/admin/__tests__/StaffManagement.test.tsx:8:71
      at __awaiter 
(src/components/admin/__tests__/StaffManagement.test.tsx:4:12)
      at Object.<anonymous> 
(src/components/admin/__tests__/StaffManagement.test.tsx:230:55)

  ΓùÅ StaffManagement ΓÇ║ should validate staff mobile number format

    Unable to find an element with the text: John Doe. This could be 
because the text is broken up by multiple elements. In this case, you can 
provide a function for your text matcher to make your matcher more flexible.

    Ignored nodes: comments, script, style
    [36m<body>[39m
      [36m<div>[39m
        [36m<div[39m
          [33mclass[39m=[32m"space-y-6"[39m
        [36m>[39m
          [36m<div[39m
            [33mclass[39m=[32m"flex flex-col xs:flex-row justify-between 
items-start xs:items-center gap-3 xs:gap-2"[39m
          [36m>[39m
            [36m<div>[39m
              [36m<h1[39m
                [33mclass[39m=[32m"text-xl xs:text-2xl font-bold"[39m
              [36m>[39m
                [0mSystem Configuration[0m
              [36m</h1>[39m
              [36m<p[39m
                [33mclass[39m=[32m"text-sm xs:text-base 
text-muted-foreground"[39m
              [36m>[39m
                [0mManage staff accounts and store locations[0m
              [36m</p>[39m
              [36m<p[39m
                [33mclass[39m=[32m"text-sm xs:text-base 
text-muted-foreground"[39m
              [36m>[39m
                [0mThis tab shows both details of both live and demo 
stores[0m
              [36m</p>[39m
            [36m</div>[39m
            [36m<div[39m
              [33mclass[39m=[32m"flex flex-col xs:flex-row gap-2 w-full 
xs:w-auto"[39m
            [36m>[39m
              [36m<button[39m
                [33mclass[39m=[32m"h-10 text-xs xs:text-sm w-full 
xs:w-auto justify-start xs:justify-center"[39m
                [33mvariant[39m=[32m"default"[39m
              [36m>[39m
                [36m<svg[39m
                  [33mclass[39m=[32m"lucide lucide-user h-3.5 w-3.5 
xs:h-4 xs:w-4 mr-1.5 xs:mr-2"[39m
                  [33mfill[39m=[32m"none"[39m
                  [33mheight[39m=[32m"24"[39m
                  [33mstroke[39m=[32m"currentColor"[39m
                  [33mstroke-linecap[39m=[32m"round"[39m
                  [33mstroke-linejoin[39m=[32m"round"[39m
                  [33mstroke-width[39m=[32m"2"[39m
                  [33mviewBox[39m=[32m"0 0 24 24"[39m
                  [33mwidth[39m=[32m"24"[39m
                  [33mxmlns[39m=[32m"http://www.w3.org/2000/svg"[39m
                [36m>[39m
                  [36m<path[39m
                    [33md[39m=[32m"M19 21v-2a4 4 0 0 0-4-4H9a4 4 0 0 0-4 
4v2"[39m
                  [36m/>[39m
                  [36m<circle[39m
                    [33mcx[39m=[32m"12"[39m
                    [33mcy[39m=[32m"7"[39m
                    [33mr[39m=[32m"4"[39m
                  [36m/>[39m
                [36m</svg>[39m
                [0mStaff Management[0m
              [36m</button>[39m
              [36m<button[39m
                [33mclass[39m=[32m"h-10 text-xs xs:text-sm w-full 
xs:w-auto justify-start xs:justify-center"[39m
                [33mvariant[39m=[32m"outline"[39m
              [36m>[39m
                [36m<svg[39m
                  [33mclass[39m=[32m"lucide lucide-store h-3.5 w-3.5 
xs:h-4 xs:w-4 mr-1.5 xs:mr-2"[39m
                  [33mfill[39m=[32m"none"[39m
                  [33mheight[39m=[32m"24"[39m
                  [33mstroke[39m=[32m"currentColor"[39m
                  [33mstroke-linecap[39m=[32m"round"[39m
                  [33mstroke-linejoin[39m=[32m"round"[39m
                  [33mstroke-width[39m=[32m"2"[39m
                  [33mviewBox[39m=[32m"0 0 24 24"[39m
                  [33mwidth[39m=[32m"24"[39m
                  [33mxmlns[39m=[32m"http://www.w3.org/2000/svg"[39m
                [36m>[39m
                  [36m<path[39m
                    [33md[39m=[32m"m2 7 4.41-4.41A2 2 0 0 1 7.83 
2h8.34a2 2 0 0 1 1.42.59L22 7"[39m
                  [36m/>[39m
                  [36m<path[39m
                    [33md[39m=[32m"M4 12v8a2 2 0 0 0 2 2h12a2 2 0 0 0 
2-2v-8"[39m
                  [36m/>[39m
                  [36m<path[39m
                    [33md[39m=[32m"M15 22v-4a2 2 0 0 0-2-2h-2a2 2 0 0 
0-2 2v4"[39m
                  [36m/>[39m
                  [36m<path[39m
                    [33md[39m=[32m"M2 7h20"[39m
                  [36m/>[39m
                  [36m<path[39m
                    [33md[39m=[32m"M22 7v3a2 2 0 0 1-2 2a2.7 2.7 0 0 
1-1.59-.63.7.7 0 0 0-.82 0A2.7 2.7 0 0 1 16 12a2.7 2.7 0 0 1-1.59-.63.7.7 0 
0 0-.82 0A2.7 2.7 0 0 1 12 12a2.7 2.7 0 0 1-1.59-.63.7.7 0 0 0-.82 0A2.7 
2.7 0 0 1 8 12a2.7 2.7 0 0 1-1.59-.63.7.7 0 0 0-.82 0A2.7 2.7 0 0 1 4 12a2 
2 0 0 1-2-2V7"[39m
                  [36m/>[39m
                [36m</svg>[39m
                [0mStore Management[0m
              [36m</button>[39m
              [36m<button[39m
                [33mclass[39m=[32m"h-10 text-xs xs:text-sm w-full 
xs:w-auto justify-start xs:justify-center"[39m
                [33mvariant[39m=[32m"outline"[39m
              [36m>[39m
                [36m<svg[39m
                  [33mclass[39m=[32m"lucide lucide-key h-3.5 w-3.5 
xs:h-4 xs:w-4 mr-1.5 xs:mr-2"[39m
                  [33mfill[39m=[32m"none"[39m
                  [33mheight[39m=[32m"24"[39m
                  [33mstroke[39m=[32m"currentColor"[39m
                  [33mstroke-linecap[39m=[32m"round"[39m
                  [33mstroke-linejoin[39m=[32m"round"[39m
                  [33mstroke-width[39m=[32m"2"[39m
                  [33mviewBox[39m=[32m"0 0 24 24"[39m
                  [33mwidth[39m=[32m"24"[39m
                  [33mxmlns[39m=[32m"http://www.w3.org/2000/svg"[39m
                [36m>[39m
                  [36m<path[39m
                    [33md[39m=[32m"m15.5 7.5 2.3 2.3a1 1 0 0 0 1.4 
0l2.1-2.1a1 1 0 0 0 0-1.4L19 4"[39m
                  [36m/>[39m
                  [36m<path[39m
                    [33md[39m=[32m"m21 2-9.6 9.6"[39m
                  [36m/>[39m
                  [36m<circle[39m
                    [33mcx[39m=[32m"7.5"[39m
                    [33mcy[39m=[32m"15.5"[39m
                    [33mr[39m=[32m"5.5"[39m
                  [36m/>[39m
                [36m</svg>[39m
                [0mPassword Decryptor[0m
              [36m</button>[39m
            [36m</div>[39m
          [36m</div>[39m
          [36m<div>[39m
            [36m<div[39m
              [33mclass[39m=[32m"px-2 xs:px-3 sm:px-6 py-2 xs:py-3 
sm:py-4"[39m
            [36m>[39m
              [36m<div[39m
                [33mclass[39m=[32m"flex flex-col xs:flex-row 
justify-between items-start xs:items-center gap-2 xs:gap-0"[39m
              [36m>[39m
                [36m<div>[39m
                  [36m<h3[39m
                    [33mclass[39m=[32m"text-sm xs:text-base 
sm:text-lg"[39m
                  [36m>[39m
                    [0mStaff Members[0m
                  [36m</h3>[39m
                  [36m<div[39m
                    [33mclass[39m=[32m"text-[10px] xs:text-xs 
sm:text-sm"[39m
                  [36m>[39m
                    [0m0[0m
                    [0m staff members across [0m
                    [0m0[0m
                    [0m stores[0m
                  [36m</div>[39m
                [36m</div>[39m
                [36m<button[39m
                  [33mclass[39m=[32m"h-8 xs:h-9 sm:h-10 text-xs 
xs:text-sm px-2 xs:px-3 sm:px-4 w-full xs:w-auto"[39m
                [36m>[39m
                  [36m<svg[39m
                    [33mclass[39m=[32m"lucide lucide-user-plus h-3 w-3 
xs:h-3.5 xs:w-3.5 sm:h-4 sm:w-4 mr-1 xs:mr-1.5 sm:mr-2"[39m
                    [33mfill[39m=[32m"none"[39m
                    [33mheight[39m=[32m"24"[39m
                    [33mstroke[39m=[32m"currentColor"[39m
                    [33mstroke-linecap[39m=[32m"round"[39m
                    [33mstroke-linejoin[39m=[32m"round"[39m
                    [33mstroke-width[39m=[32m"2"[39m
                    [33mviewBox[39m=[32m"0 0 24 24"[39m
                    [33mwidth[39m=[32m"24"[39m
                    [33mxmlns[39m=[32m"http://www.w3.org/2000/svg"[39m
                  [36m>[39m
                    [36m<path[39m
                      [33md[39m=[32m"M16 21v-2a4 4 0 0 0-4-4H6a4 4 0 0 
0-4 4v2"[39m
                    [36m/>[39m
                    [36m<circle[39m
                      [33mcx[39m=[32m"9"[39m
                      [33mcy[39m=[32m"7"[39m
                      [33mr[39m=[32m"4"[39m
                    [36m/>[39m
                    [36m<line[39m
                      [33mx1[39m=[32m"19"[39m
                      [33mx2[39m=[32m"19"[39m
                      [33my1[39m=[32m"8"[39m
                      [33my2[39m=[32m"14"[39m
                    [36m/>[39m
                    [36m<line[39m
                      [33mx1[39m=[32m"22"[39m
                      [33mx2[39m=[32m"16"[39m
                      [33my1[39m=[32m"11"[39m
                      [33my2[39m=[32m"11"[39m
                    [36m/>[39m
                  [36m</svg>[39m
                  [0mAdd Staff[0m
                [36m</button>[39m
              [36m</div>[39m
            [36m</div>[39m
            [36m<div[39m
              [33mclass[39m=[32m"px-2 xs:px-3 sm:px-6 py-2 xs:py-3 
sm:py-4"[39m
            [36m>[39m
              [36m<div[39m
                [33mclass[39m=[32m"overflow-x-auto"[39m
              [36m>[39m
                [36m<table>[39m
                  [36m<thead>[39m
                    [36m<tr>[39m
                      [36m<th[39m
                        [33mclass[39m=[32m"text-xs xs:text-sm"[39m
                      [36m>[39m
                        [0mName[0m
                      [36m</th>[39m
                      [36m<th[39m
                        [33mclass[39m=[32m"text-xs xs:text-sm"[39m
                      [36m>[39m
                        [0mContact[0m
                      [36m</th>[39m
                      [36m<th[39m
                        [33mclass[39m=[32m"text-xs xs:text-sm"[39m
                      [36m>[39m
                        [0mRole[0m
                      [36m</th>[39m
                      [36m<th[39m
                        [33mclass[39m=[32m"text-xs xs:text-sm"[39m
                      [36m>[39m
                        [0mStore[0m
                      [36m</th>[39m
                      [36m<th[39m
                        [33mclass[39m=[32m"text-xs xs:text-sm"[39m
                      [36m>[39m
                        [0mStatus[0m
                      [36m</th>[39m
                      [36m<th[39m
                        [33mclass[39m=[32m"text-xs xs:text-sm"[39m
                      [36m>[39m
                        [0mSales Count[0m
                      [36m</th>[39m
                      [36m<th[39m
                        [33mclass[39m=[32m"text-xs xs:text-sm"[39m
                      [36m>[39m
                        [0mRecharges Count[0m
                      [36m</th>[39m
                      [36m<th[39m
                        [33mclass[39m=[32m"text-xs xs:text-sm"[39m
                      [36m>[39m
                        [0mPassword[0m
                      [36m</th>[39m
                      [36m<th[39m
                        [33mclass[39m=[32m"text-xs xs:text-sm"[39m
                      [36m>[39m
                        [0mActions[0m
                      [36m</th>[39m
                    [36m</tr>[39m
                  [36m</thead>[39m
                  [36m<tbody />[39m
                [36m</table>[39m
              [36m</div>[39m
            [36m</div>[39m
          [36m</div>[39m
        [36m</div>[39m
      [36m</div>[39m
    [36m</body>[39m

    [0m [90m 252 |[39m     render([33m<[39m[33mStaffManagement[39m 
[33m/[39m[33m>[39m)[33m;[39m
     [90m 253 |[39m     
    [31m[1m>[22m[39m[90m 254 |[39m     [36mawait[39m waitFor(() 
[33m=>[39m {
     [90m     |[39m                  [31m[1m^[22m[39m
     [90m 255 |[39m       expect(screen[33m.[39mgetByText([32m'John 
Doe'[39m))[33m.[39mtoBeInTheDocument()[33m;[39m
     [90m 256 |[39m     })[33m;[39m
     [90m 257 |[39m     [0m

      at waitForWrapper 
(node_modules/@testing-library/dom/dist/wait-for.js:163:27)
      at src/components/admin/__tests__/StaffManagement.test.tsx:254:18
      at src/components/admin/__tests__/StaffManagement.test.tsx:8:71
      at __awaiter 
(src/components/admin/__tests__/StaffManagement.test.tsx:4:12)
      at Object.<anonymous> 
(src/components/admin/__tests__/StaffManagement.test.tsx:251:63)

  ΓùÅ StaffManagement ΓÇ║ should create new staff successfully

    Unable to find an element with the text: John Doe. This could be 
because the text is broken up by multiple elements. In this case, you can 
provide a function for your text matcher to make your matcher more flexible.

    Ignored nodes: comments, script, style
    [36m<body>[39m
      [36m<div>[39m
        [36m<div[39m
          [33mclass[39m=[32m"space-y-6"[39m
        [36m>[39m
          [36m<div[39m
            [33mclass[39m=[32m"flex flex-col xs:flex-row justify-between 
items-start xs:items-center gap-3 xs:gap-2"[39m
          [36m>[39m
            [36m<div>[39m
              [36m<h1[39m
                [33mclass[39m=[32m"text-xl xs:text-2xl font-bold"[39m
              [36m>[39m
                [0mSystem Configuration[0m
              [36m</h1>[39m
              [36m<p[39m
                [33mclass[39m=[32m"text-sm xs:text-base 
text-muted-foreground"[39m
              [36m>[39m
                [0mManage staff accounts and store locations[0m
              [36m</p>[39m
              [36m<p[39m
                [33mclass[39m=[32m"text-sm xs:text-base 
text-muted-foreground"[39m
              [36m>[39m
                [0mThis tab shows both details of both live and demo 
stores[0m
              [36m</p>[39m
            [36m</div>[39m
            [36m<div[39m
              [33mclass[39m=[32m"flex flex-col xs:flex-row gap-2 w-full 
xs:w-auto"[39m
            [36m>[39m
              [36m<button[39m
                [33mclass[39m=[32m"h-10 text-xs xs:text-sm w-full 
xs:w-auto justify-start xs:justify-center"[39m
                [33mvariant[39m=[32m"default"[39m
              [36m>[39m
                [36m<svg[39m
                  [33mclass[39m=[32m"lucide lucide-user h-3.5 w-3.5 
xs:h-4 xs:w-4 mr-1.5 xs:mr-2"[39m
                  [33mfill[39m=[32m"none"[39m
                  [33mheight[39m=[32m"24"[39m
                  [33mstroke[39m=[32m"currentColor"[39m
                  [33mstroke-linecap[39m=[32m"round"[39m
                  [33mstroke-linejoin[39m=[32m"round"[39m
                  [33mstroke-width[39m=[32m"2"[39m
                  [33mviewBox[39m=[32m"0 0 24 24"[39m
                  [33mwidth[39m=[32m"24"[39m
                  [33mxmlns[39m=[32m"http://www.w3.org/2000/svg"[39m
                [36m>[39m
                  [36m<path[39m
                    [33md[39m=[32m"M19 21v-2a4 4 0 0 0-4-4H9a4 4 0 0 0-4 
4v2"[39m
                  [36m/>[39m
                  [36m<circle[39m
                    [33mcx[39m=[32m"12"[39m
                    [33mcy[39m=[32m"7"[39m
                    [33mr[39m=[32m"4"[39m
                  [36m/>[39m
                [36m</svg>[39m
                [0mStaff Management[0m
              [36m</button>[39m
              [36m<button[39m
                [33mclass[39m=[32m"h-10 text-xs xs:text-sm w-full 
xs:w-auto justify-start xs:justify-center"[39m
                [33mvariant[39m=[32m"outline"[39m
              [36m>[39m
                [36m<svg[39m
                  [33mclass[39m=[32m"lucide lucide-store h-3.5 w-3.5 
xs:h-4 xs:w-4 mr-1.5 xs:mr-2"[39m
                  [33mfill[39m=[32m"none"[39m
                  [33mheight[39m=[32m"24"[39m
                  [33mstroke[39m=[32m"currentColor"[39m
                  [33mstroke-linecap[39m=[32m"round"[39m
                  [33mstroke-linejoin[39m=[32m"round"[39m
                  [33mstroke-width[39m=[32m"2"[39m
                  [33mviewBox[39m=[32m"0 0 24 24"[39m
                  [33mwidth[39m=[32m"24"[39m
                  [33mxmlns[39m=[32m"http://www.w3.org/2000/svg"[39m
                [36m>[39m
                  [36m<path[39m
                    [33md[39m=[32m"m2 7 4.41-4.41A2 2 0 0 1 7.83 
2h8.34a2 2 0 0 1 1.42.59L22 7"[39m
                  [36m/>[39m
                  [36m<path[39m
                    [33md[39m=[32m"M4 12v8a2 2 0 0 0 2 2h12a2 2 0 0 0 
2-2v-8"[39m
                  [36m/>[39m
                  [36m<path[39m
                    [33md[39m=[32m"M15 22v-4a2 2 0 0 0-2-2h-2a2 2 0 0 
0-2 2v4"[39m
                  [36m/>[39m
                  [36m<path[39m
                    [33md[39m=[32m"M2 7h20"[39m
                  [36m/>[39m
                  [36m<path[39m
                    [33md[39m=[32m"M22 7v3a2 2 0 0 1-2 2a2.7 2.7 0 0 
1-1.59-.63.7.7 0 0 0-.82 0A2.7 2.7 0 0 1 16 12a2.7 2.7 0 0 1-1.59-.63.7.7 0 
0 0-.82 0A2.7 2.7 0 0 1 12 12a2.7 2.7 0 0 1-1.59-.63.7.7 0 0 0-.82 0A2.7 
2.7 0 0 1 8 12a2.7 2.7 0 0 1-1.59-.63.7.7 0 0 0-.82 0A2.7 2.7 0 0 1 4 12a2 
2 0 0 1-2-2V7"[39m
                  [36m/>[39m
                [36m</svg>[39m
                [0mStore Management[0m
              [36m</button>[39m
              [36m<button[39m
                [33mclass[39m=[32m"h-10 text-xs xs:text-sm w-full 
xs:w-auto justify-start xs:justify-center"[39m
                [33mvariant[39m=[32m"outline"[39m
              [36m>[39m
                [36m<svg[39m
                  [33mclass[39m=[32m"lucide lucide-key h-3.5 w-3.5 
xs:h-4 xs:w-4 mr-1.5 xs:mr-2"[39m
                  [33mfill[39m=[32m"none"[39m
                  [33mheight[39m=[32m"24"[39m
                  [33mstroke[39m=[32m"currentColor"[39m
                  [33mstroke-linecap[39m=[32m"round"[39m
                  [33mstroke-linejoin[39m=[32m"round"[39m
                  [33mstroke-width[39m=[32m"2"[39m
                  [33mviewBox[39m=[32m"0 0 24 24"[39m
                  [33mwidth[39m=[32m"24"[39m
                  [33mxmlns[39m=[32m"http://www.w3.org/2000/svg"[39m
                [36m>[39m
                  [36m<path[39m
                    [33md[39m=[32m"m15.5 7.5 2.3 2.3a1 1 0 0 0 1.4 
0l2.1-2.1a1 1 0 0 0 0-1.4L19 4"[39m
                  [36m/>[39m
                  [36m<path[39m
                    [33md[39m=[32m"m21 2-9.6 9.6"[39m
                  [36m/>[39m
                  [36m<circle[39m
                    [33mcx[39m=[32m"7.5"[39m
                    [33mcy[39m=[32m"15.5"[39m
                    [33mr[39m=[32m"5.5"[39m
                  [36m/>[39m
                [36m</svg>[39m
                [0mPassword Decryptor[0m
              [36m</button>[39m
            [36m</div>[39m
          [36m</div>[39m
          [36m<div>[39m
            [36m<div[39m
              [33mclass[39m=[32m"px-2 xs:px-3 sm:px-6 py-2 xs:py-3 
sm:py-4"[39m
            [36m>[39m
              [36m<div[39m
                [33mclass[39m=[32m"flex flex-col xs:flex-row 
justify-between items-start xs:items-center gap-2 xs:gap-0"[39m
              [36m>[39m
                [36m<div>[39m
                  [36m<h3[39m
                    [33mclass[39m=[32m"text-sm xs:text-base 
sm:text-lg"[39m
                  [36m>[39m
                    [0mStaff Members[0m
                  [36m</h3>[39m
                  [36m<div[39m
                    [33mclass[39m=[32m"text-[10px] xs:text-xs 
sm:text-sm"[39m
                  [36m>[39m
                    [0m0[0m
                    [0m staff members across [0m
                    [0m0[0m
                    [0m stores[0m
                  [36m</div>[39m
                [36m</div>[39m
                [36m<button[39m
                  [33mclass[39m=[32m"h-8 xs:h-9 sm:h-10 text-xs 
xs:text-sm px-2 xs:px-3 sm:px-4 w-full xs:w-auto"[39m
                [36m>[39m
                  [36m<svg[39m
                    [33mclass[39m=[32m"lucide lucide-user-plus h-3 w-3 
xs:h-3.5 xs:w-3.5 sm:h-4 sm:w-4 mr-1 xs:mr-1.5 sm:mr-2"[39m
                    [33mfill[39m=[32m"none"[39m
                    [33mheight[39m=[32m"24"[39m
                    [33mstroke[39m=[32m"currentColor"[39m
                    [33mstroke-linecap[39m=[32m"round"[39m
                    [33mstroke-linejoin[39m=[32m"round"[39m
                    [33mstroke-width[39m=[32m"2"[39m
                    [33mviewBox[39m=[32m"0 0 24 24"[39m
                    [33mwidth[39m=[32m"24"[39m
                    [33mxmlns[39m=[32m"http://www.w3.org/2000/svg"[39m
                  [36m>[39m
                    [36m<path[39m
                      [33md[39m=[32m"M16 21v-2a4 4 0 0 0-4-4H6a4 4 0 0 
0-4 4v2"[39m
                    [36m/>[39m
                    [36m<circle[39m
                      [33mcx[39m=[32m"9"[39m
                      [33mcy[39m=[32m"7"[39m
                      [33mr[39m=[32m"4"[39m
                    [36m/>[39m
                    [36m<line[39m
                      [33mx1[39m=[32m"19"[39m
                      [33mx2[39m=[32m"19"[39m
                      [33my1[39m=[32m"8"[39m
                      [33my2[39m=[32m"14"[39m
                    [36m/>[39m
                    [36m<line[39m
                      [33mx1[39m=[32m"22"[39m
                      [33mx2[39m=[32m"16"[39m
                      [33my1[39m=[32m"11"[39m
                      [33my2[39m=[32m"11"[39m
                    [36m/>[39m
                  [36m</svg>[39m
                  [0mAdd Staff[0m
                [36m</button>[39m
              [36m</div>[39m
            [36m</div>[39m
            [36m<div[39m
              [33mclass[39m=[32m"px-2 xs:px-3 sm:px-6 py-2 xs:py-3 
sm:py-4"[39m
            [36m>[39m
              [36m<div[39m
                [33mclass[39m=[32m"overflow-x-auto"[39m
              [36m>[39m
                [36m<table>[39m
                  [36m<thead>[39m
                    [36m<tr>[39m
                      [36m<th[39m
                        [33mclass[39m=[32m"text-xs xs:text-sm"[39m
                      [36m>[39m
                        [0mName[0m
                      [36m</th>[39m
                      [36m<th[39m
                        [33mclass[39m=[32m"text-xs xs:text-sm"[39m
                      [36m>[39m
                        [0mContact[0m
                      [36m</th>[39m
                      [36m<th[39m
                        [33mclass[39m=[32m"text-xs xs:text-sm"[39m
                      [36m>[39m
                        [0mRole[0m
                      [36m</th>[39m
                      [36m<th[39m
                        [33mclass[39m=[32m"text-xs xs:text-sm"[39m
                      [36m>[39m
                        [0mStore[0m
                      [36m</th>[39m
                      [36m<th[39m
                        [33mclass[39m=[32m"text-xs xs:text-sm"[39m
                      [36m>[39m
                        [0mStatus[0m
                      [36m</th>[39m
                      [36m<th[39m
                        [33mclass[39m=[32m"text-xs xs:text-sm"[39m
                      [36m>[39m
                        [0mSales Count[0m
                      [36m</th>[39m
                      [36m<th[39m
                        [33mclass[39m=[32m"text-xs xs:text-sm"[39m
                      [36m>[39m
                        [0mRecharges Count[0m
                      [36m</th>[39m
                      [36m<th[39m
                        [33mclass[39m=[32m"text-xs xs:text-sm"[39m
                      [36m>[39m
                        [0mPassword[0m
                      [36m</th>[39m
                      [36m<th[39m
                        [33mclass[39m=[32m"text-xs xs:text-sm"[39m
                      [36m>[39m
                        [0mActions[0m
                      [36m</th>[39m
                    [36m</tr>[39m
                  [36m</thead>[39m
                  [36m<tbody />[39m
                [36m</table>[39m
              [36m</div>[39m
            [36m</div>[39m
          [36m</div>[39m
        [36m</div>[39m
      [36m</div>[39m
    [36m</body>[39m

    [0m [90m 291 |[39m     render([33m<[39m[33mStaffManagement[39m 
[33m/[39m[33m>[39m)[33m;[39m
     [90m 292 |[39m     
    [31m[1m>[22m[39m[90m 293 |[39m     [36mawait[39m waitFor(() 
[33m=>[39m {
     [90m     |[39m                  [31m[1m^[22m[39m
     [90m 294 |[39m       expect(screen[33m.[39mgetByText([32m'John 
Doe'[39m))[33m.[39mtoBeInTheDocument()[33m;[39m
     [90m 295 |[39m     })[33m;[39m
     [90m 296 |[39m     [0m

      at waitForWrapper 
(node_modules/@testing-library/dom/dist/wait-for.js:163:27)
      at src/components/admin/__tests__/StaffManagement.test.tsx:293:18
      at src/components/admin/__tests__/StaffManagement.test.tsx:8:71
      at __awaiter 
(src/components/admin/__tests__/StaffManagement.test.tsx:4:12)
      at Object.<anonymous> 
(src/components/admin/__tests__/StaffManagement.test.tsx:272:57)

  ΓùÅ StaffManagement ΓÇ║ should switch between staff and stores tabs

    Unable to find an element with the text: John Doe. This could be 
because the text is broken up by multiple elements. In this case, you can 
provide a function for your text matcher to make your matcher more flexible.

    Ignored nodes: comments, script, style
    [36m<body>[39m
      [36m<div>[39m
        [36m<div[39m
          [33mclass[39m=[32m"space-y-6"[39m
        [36m>[39m
          [36m<div[39m
            [33mclass[39m=[32m"flex flex-col xs:flex-row justify-between 
items-start xs:items-center gap-3 xs:gap-2"[39m
          [36m>[39m
            [36m<div>[39m
              [36m<h1[39m
                [33mclass[39m=[32m"text-xl xs:text-2xl font-bold"[39m
              [36m>[39m
                [0mSystem Configuration[0m
              [36m</h1>[39m
              [36m<p[39m
                [33mclass[39m=[32m"text-sm xs:text-base 
text-muted-foreground"[39m
              [36m>[39m
                [0mManage staff accounts and store locations[0m
              [36m</p>[39m
              [36m<p[39m
                [33mclass[39m=[32m"text-sm xs:text-base 
text-muted-foreground"[39m
              [36m>[39m
                [0mThis tab shows both details of both live and demo 
stores[0m
              [36m</p>[39m
            [36m</div>[39m
            [36m<div[39m
              [33mclass[39m=[32m"flex flex-col xs:flex-row gap-2 w-full 
xs:w-auto"[39m
            [36m>[39m
              [36m<button[39m
                [33mclass[39m=[32m"h-10 text-xs xs:text-sm w-full 
xs:w-auto justify-start xs:justify-center"[39m
                [33mvariant[39m=[32m"default"[39m
              [36m>[39m
                [36m<svg[39m
                  [33mclass[39m=[32m"lucide lucide-user h-3.5 w-3.5 
xs:h-4 xs:w-4 mr-1.5 xs:mr-2"[39m
                  [33mfill[39m=[32m"none"[39m
                  [33mheight[39m=[32m"24"[39m
                  [33mstroke[39m=[32m"currentColor"[39m
                  [33mstroke-linecap[39m=[32m"round"[39m
                  [33mstroke-linejoin[39m=[32m"round"[39m
                  [33mstroke-width[39m=[32m"2"[39m
                  [33mviewBox[39m=[32m"0 0 24 24"[39m
                  [33mwidth[39m=[32m"24"[39m
                  [33mxmlns[39m=[32m"http://www.w3.org/2000/svg"[39m
                [36m>[39m
                  [36m<path[39m
                    [33md[39m=[32m"M19 21v-2a4 4 0 0 0-4-4H9a4 4 0 0 0-4 
4v2"[39m
                  [36m/>[39m
                  [36m<circle[39m
                    [33mcx[39m=[32m"12"[39m
                    [33mcy[39m=[32m"7"[39m
                    [33mr[39m=[32m"4"[39m
                  [36m/>[39m
                [36m</svg>[39m
                [0mStaff Management[0m
              [36m</button>[39m
              [36m<button[39m
                [33mclass[39m=[32m"h-10 text-xs xs:text-sm w-full 
xs:w-auto justify-start xs:justify-center"[39m
                [33mvariant[39m=[32m"outline"[39m
              [36m>[39m
                [36m<svg[39m
                  [33mclass[39m=[32m"lucide lucide-store h-3.5 w-3.5 
xs:h-4 xs:w-4 mr-1.5 xs:mr-2"[39m
                  [33mfill[39m=[32m"none"[39m
                  [33mheight[39m=[32m"24"[39m
                  [33mstroke[39m=[32m"currentColor"[39m
                  [33mstroke-linecap[39m=[32m"round"[39m
                  [33mstroke-linejoin[39m=[32m"round"[39m
                  [33mstroke-width[39m=[32m"2"[39m
                  [33mviewBox[39m=[32m"0 0 24 24"[39m
                  [33mwidth[39m=[32m"24"[39m
                  [33mxmlns[39m=[32m"http://www.w3.org/2000/svg"[39m
                [36m>[39m
                  [36m<path[39m
                    [33md[39m=[32m"m2 7 4.41-4.41A2 2 0 0 1 7.83 
2h8.34a2 2 0 0 1 1.42.59L22 7"[39m
                  [36m/>[39m
                  [36m<path[39m
                    [33md[39m=[32m"M4 12v8a2 2 0 0 0 2 2h12a2 2 0 0 0 
2-2v-8"[39m
                  [36m/>[39m
                  [36m<path[39m
                    [33md[39m=[32m"M15 22v-4a2 2 0 0 0-2-2h-2a2 2 0 0 
0-2 2v4"[39m
                  [36m/>[39m
                  [36m<path[39m
                    [33md[39m=[32m"M2 7h20"[39m
                  [36m/>[39m
                  [36m<path[39m
                    [33md[39m=[32m"M22 7v3a2 2 0 0 1-2 2a2.7 2.7 0 0 
1-1.59-.63.7.7 0 0 0-.82 0A2.7 2.7 0 0 1 16 12a2.7 2.7 0 0 1-1.59-.63.7.7 0 
0 0-.82 0A2.7 2.7 0 0 1 12 12a2.7 2.7 0 0 1-1.59-.63.7.7 0 0 0-.82 0A2.7 
2.7 0 0 1 8 12a2.7 2.7 0 0 1-1.59-.63.7.7 0 0 0-.82 0A2.7 2.7 0 0 1 4 12a2 
2 0 0 1-2-2V7"[39m
                  [36m/>[39m
                [36m</svg>[39m
                [0mStore Management[0m
              [36m</button>[39m
              [36m<button[39m
                [33mclass[39m=[32m"h-10 text-xs xs:text-sm w-full 
xs:w-auto justify-start xs:justify-center"[39m
                [33mvariant[39m=[32m"outline"[39m
              [36m>[39m
                [36m<svg[39m
                  [33mclass[39m=[32m"lucide lucide-key h-3.5 w-3.5 
xs:h-4 xs:w-4 mr-1.5 xs:mr-2"[39m
                  [33mfill[39m=[32m"none"[39m
                  [33mheight[39m=[32m"24"[39m
                  [33mstroke[39m=[32m"currentColor"[39m
                  [33mstroke-linecap[39m=[32m"round"[39m
                  [33mstroke-linejoin[39m=[32m"round"[39m
                  [33mstroke-width[39m=[32m"2"[39m
                  [33mviewBox[39m=[32m"0 0 24 24"[39m
                  [33mwidth[39m=[32m"24"[39m
                  [33mxmlns[39m=[32m"http://www.w3.org/2000/svg"[39m
                [36m>[39m
                  [36m<path[39m
                    [33md[39m=[32m"m15.5 7.5 2.3 2.3a1 1 0 0 0 1.4 
0l2.1-2.1a1 1 0 0 0 0-1.4L19 4"[39m
                  [36m/>[39m
                  [36m<path[39m
                    [33md[39m=[32m"m21 2-9.6 9.6"[39m
                  [36m/>[39m
                  [36m<circle[39m
                    [33mcx[39m=[32m"7.5"[39m
                    [33mcy[39m=[32m"15.5"[39m
                    [33mr[39m=[32m"5.5"[39m
                  [36m/>[39m
                [36m</svg>[39m
                [0mPassword Decryptor[0m
              [36m</button>[39m
            [36m</div>[39m
          [36m</div>[39m
          [36m<div>[39m
            [36m<div[39m
              [33mclass[39m=[32m"px-2 xs:px-3 sm:px-6 py-2 xs:py-3 
sm:py-4"[39m
            [36m>[39m
              [36m<div[39m
                [33mclass[39m=[32m"flex flex-col xs:flex-row 
justify-between items-start xs:items-center gap-2 xs:gap-0"[39m
              [36m>[39m
                [36m<div>[39m
                  [36m<h3[39m
                    [33mclass[39m=[32m"text-sm xs:text-base 
sm:text-lg"[39m
                  [36m>[39m
                    [0mStaff Members[0m
                  [36m</h3>[39m
                  [36m<div[39m
                    [33mclass[39m=[32m"text-[10px] xs:text-xs 
sm:text-sm"[39m
                  [36m>[39m
                    [0m0[0m
                    [0m staff members across [0m
                    [0m0[0m
                    [0m stores[0m
                  [36m</div>[39m
                [36m</div>[39m
                [36m<button[39m
                  [33mclass[39m=[32m"h-8 xs:h-9 sm:h-10 text-xs 
xs:text-sm px-2 xs:px-3 sm:px-4 w-full xs:w-auto"[39m
                [36m>[39m
                  [36m<svg[39m
                    [33mclass[39m=[32m"lucide lucide-user-plus h-3 w-3 
xs:h-3.5 xs:w-3.5 sm:h-4 sm:w-4 mr-1 xs:mr-1.5 sm:mr-2"[39m
                    [33mfill[39m=[32m"none"[39m
                    [33mheight[39m=[32m"24"[39m
                    [33mstroke[39m=[32m"currentColor"[39m
                    [33mstroke-linecap[39m=[32m"round"[39m
                    [33mstroke-linejoin[39m=[32m"round"[39m
                    [33mstroke-width[39m=[32m"2"[39m
                    [33mviewBox[39m=[32m"0 0 24 24"[39m
                    [33mwidth[39m=[32m"24"[39m
                    [33mxmlns[39m=[32m"http://www.w3.org/2000/svg"[39m
                  [36m>[39m
                    [36m<path[39m
                      [33md[39m=[32m"M16 21v-2a4 4 0 0 0-4-4H6a4 4 0 0 
0-4 4v2"[39m
                    [36m/>[39m
                    [36m<circle[39m
                      [33mcx[39m=[32m"9"[39m
                      [33mcy[39m=[32m"7"[39m
                      [33mr[39m=[32m"4"[39m
                    [36m/>[39m
                    [36m<line[39m
                      [33mx1[39m=[32m"19"[39m
                      [33mx2[39m=[32m"19"[39m
                      [33my1[39m=[32m"8"[39m
                      [33my2[39m=[32m"14"[39m
                    [36m/>[39m
                    [36m<line[39m
                      [33mx1[39m=[32m"22"[39m
                      [33mx2[39m=[32m"16"[39m
                      [33my1[39m=[32m"11"[39m
                      [33my2[39m=[32m"11"[39m
                    [36m/>[39m
                  [36m</svg>[39m
                  [0mAdd Staff[0m
                [36m</button>[39m
              [36m</div>[39m
            [36m</div>[39m
            [36m<div[39m
              [33mclass[39m=[32m"px-2 xs:px-3 sm:px-6 py-2 xs:py-3 
sm:py-4"[39m
            [36m>[39m
              [36m<div[39m
                [33mclass[39m=[32m"overflow-x-auto"[39m
              [36m>[39m
                [36m<table>[39m
                  [36m<thead>[39m
                    [36m<tr>[39m
                      [36m<th[39m
                        [33mclass[39m=[32m"text-xs xs:text-sm"[39m
                      [36m>[39m
                        [0mName[0m
                      [36m</th>[39m
                      [36m<th[39m
                        [33mclass[39m=[32m"text-xs xs:text-sm"[39m
                      [36m>[39m
                        [0mContact[0m
                      [36m</th>[39m
                      [36m<th[39m
                        [33mclass[39m=[32m"text-xs xs:text-sm"[39m
                      [36m>[39m
                        [0mRole[0m
                      [36m</th>[39m
                      [36m<th[39m
                        [33mclass[39m=[32m"text-xs xs:text-sm"[39m
                      [36m>[39m
                        [0mStore[0m
                      [36m</th>[39m
                      [36m<th[39m
                        [33mclass[39m=[32m"text-xs xs:text-sm"[39m
                      [36m>[39m
                        [0mStatus[0m
                      [36m</th>[39m
                      [36m<th[39m
                        [33mclass[39m=[32m"text-xs xs:text-sm"[39m
                      [36m>[39m
                        [0mSales Count[0m
                      [36m</th>[39m
                      [36m<th[39m
                        [33mclass[39m=[32m"text-xs xs:text-sm"[39m
                      [36m>[39m
                        [0mRecharges Count[0m
                      [36m</th>[39m
                      [36m<th[39m
                        [33mclass[39m=[32m"text-xs xs:text-sm"[39m
                      [36m>[39m
                        [0mPassword[0m
                      [36m</th>[39m
                      [36m<th[39m
                        [33mclass[39m=[32m"text-xs xs:text-sm"[39m
                      [36m>[39m
                        [0mActions[0m
                      [36m</th>[39m
                    [36m</tr>[39m
                  [36m</thead>[39m
                  [36m<tbody />[39m
                [36m</table>[39m
              [36m</div>[39m
            [36m</div>[39m
          [36m</div>[39m
        [36m</div>[39m
      [36m</div>[39m
    [36m</body>[39m

    [0m [90m 329 |[39m     render([33m<[39m[33mStaffManagement[39m 
[33m/[39m[33m>[39m)[33m;[39m
     [90m 330 |[39m     
    [31m[1m>[22m[39m[90m 331 |[39m     [36mawait[39m waitFor(() 
[33m=>[39m {
     [90m     |[39m                  [31m[1m^[22m[39m
     [90m 332 |[39m       expect(screen[33m.[39mgetByText([32m'John 
Doe'[39m))[33m.[39mtoBeInTheDocument()[33m;[39m
     [90m 333 |[39m     })[33m;[39m
     [90m 334 |[39m     [0m

      at waitForWrapper 
(node_modules/@testing-library/dom/dist/wait-for.js:163:27)
      at src/components/admin/__tests__/StaffManagement.test.tsx:331:18
      at src/components/admin/__tests__/StaffManagement.test.tsx:8:71
      at __awaiter 
(src/components/admin/__tests__/StaffManagement.test.tsx:4:12)
      at Object.<anonymous> 
(src/components/admin/__tests__/StaffManagement.test.tsx:328:64)

  ΓùÅ StaffManagement ΓÇ║ should handle edit staff functionality

    Unable to find an element with the text: John Doe. This could be 
because the text is broken up by multiple elements. In this case, you can 
provide a function for your text matcher to make your matcher more flexible.

    Ignored nodes: comments, script, style
    [36m<body>[39m
      [36m<div>[39m
        [36m<div[39m
          [33mclass[39m=[32m"space-y-6"[39m
        [36m>[39m
          [36m<div[39m
            [33mclass[39m=[32m"flex flex-col xs:flex-row justify-between 
items-start xs:items-center gap-3 xs:gap-2"[39m
          [36m>[39m
            [36m<div>[39m
              [36m<h1[39m
                [33mclass[39m=[32m"text-xl xs:text-2xl font-bold"[39m
              [36m>[39m
                [0mSystem Configuration[0m
              [36m</h1>[39m
              [36m<p[39m
                [33mclass[39m=[32m"text-sm xs:text-base 
text-muted-foreground"[39m
              [36m>[39m
                [0mManage staff accounts and store locations[0m
              [36m</p>[39m
              [36m<p[39m
                [33mclass[39m=[32m"text-sm xs:text-base 
text-muted-foreground"[39m
              [36m>[39m
                [0mThis tab shows both details of both live and demo 
stores[0m
              [36m</p>[39m
            [36m</div>[39m
            [36m<div[39m
              [33mclass[39m=[32m"flex flex-col xs:flex-row gap-2 w-full 
xs:w-auto"[39m
            [36m>[39m
              [36m<button[39m
                [33mclass[39m=[32m"h-10 text-xs xs:text-sm w-full 
xs:w-auto justify-start xs:justify-center"[39m
                [33mvariant[39m=[32m"default"[39m
              [36m>[39m
                [36m<svg[39m
                  [33mclass[39m=[32m"lucide lucide-user h-3.5 w-3.5 
xs:h-4 xs:w-4 mr-1.5 xs:mr-2"[39m
                  [33mfill[39m=[32m"none"[39m
                  [33mheight[39m=[32m"24"[39m
                  [33mstroke[39m=[32m"currentColor"[39m
                  [33mstroke-linecap[39m=[32m"round"[39m
                  [33mstroke-linejoin[39m=[32m"round"[39m
                  [33mstroke-width[39m=[32m"2"[39m
                  [33mviewBox[39m=[32m"0 0 24 24"[39m
                  [33mwidth[39m=[32m"24"[39m
                  [33mxmlns[39m=[32m"http://www.w3.org/2000/svg"[39m
                [36m>[39m
                  [36m<path[39m
                    [33md[39m=[32m"M19 21v-2a4 4 0 0 0-4-4H9a4 4 0 0 0-4 
4v2"[39m
                  [36m/>[39m
                  [36m<circle[39m
                    [33mcx[39m=[32m"12"[39m
                    [33mcy[39m=[32m"7"[39m
                    [33mr[39m=[32m"4"[39m
                  [36m/>[39m
                [36m</svg>[39m
                [0mStaff Management[0m
              [36m</button>[39m
              [36m<button[39m
                [33mclass[39m=[32m"h-10 text-xs xs:text-sm w-full 
xs:w-auto justify-start xs:justify-center"[39m
                [33mvariant[39m=[32m"outline"[39m
              [36m>[39m
                [36m<svg[39m
                  [33mclass[39m=[32m"lucide lucide-store h-3.5 w-3.5 
xs:h-4 xs:w-4 mr-1.5 xs:mr-2"[39m
                  [33mfill[39m=[32m"none"[39m
                  [33mheight[39m=[32m"24"[39m
                  [33mstroke[39m=[32m"currentColor"[39m
                  [33mstroke-linecap[39m=[32m"round"[39m
                  [33mstroke-linejoin[39m=[32m"round"[39m
                  [33mstroke-width[39m=[32m"2"[39m
                  [33mviewBox[39m=[32m"0 0 24 24"[39m
                  [33mwidth[39m=[32m"24"[39m
                  [33mxmlns[39m=[32m"http://www.w3.org/2000/svg"[39m
                [36m>[39m
                  [36m<path[39m
                    [33md[39m=[32m"m2 7 4.41-4.41A2 2 0 0 1 7.83 
2h8.34a2 2 0 0 1 1.42.59L22 7"[39m
                  [36m/>[39m
                  [36m<path[39m
                    [33md[39m=[32m"M4 12v8a2 2 0 0 0 2 2h12a2 2 0 0 0 
2-2v-8"[39m
                  [36m/>[39m
                  [36m<path[39m
                    [33md[39m=[32m"M15 22v-4a2 2 0 0 0-2-2h-2a2 2 0 0 
0-2 2v4"[39m
                  [36m/>[39m
                  [36m<path[39m
                    [33md[39m=[32m"M2 7h20"[39m
                  [36m/>[39m
                  [36m<path[39m
                    [33md[39m=[32m"M22 7v3a2 2 0 0 1-2 2a2.7 2.7 0 0 
1-1.59-.63.7.7 0 0 0-.82 0A2.7 2.7 0 0 1 16 12a2.7 2.7 0 0 1-1.59-.63.7.7 0 
0 0-.82 0A2.7 2.7 0 0 1 12 12a2.7 2.7 0 0 1-1.59-.63.7.7 0 0 0-.82 0A2.7 
2.7 0 0 1 8 12a2.7 2.7 0 0 1-1.59-.63.7.7 0 0 0-.82 0A2.7 2.7 0 0 1 4 12a2 
2 0 0 1-2-2V7"[39m
                  [36m/>[39m
                [36m</svg>[39m
                [0mStore Management[0m
              [36m</button>[39m
              [36m<button[39m
                [33mclass[39m=[32m"h-10 text-xs xs:text-sm w-full 
xs:w-auto justify-start xs:justify-center"[39m
                [33mvariant[39m=[32m"outline"[39m
              [36m>[39m
                [36m<svg[39m
                  [33mclass[39m=[32m"lucide lucide-key h-3.5 w-3.5 
xs:h-4 xs:w-4 mr-1.5 xs:mr-2"[39m
                  [33mfill[39m=[32m"none"[39m
                  [33mheight[39m=[32m"24"[39m
                  [33mstroke[39m=[32m"currentColor"[39m
                  [33mstroke-linecap[39m=[32m"round"[39m
                  [33mstroke-linejoin[39m=[32m"round"[39m
                  [33mstroke-width[39m=[32m"2"[39m
                  [33mviewBox[39m=[32m"0 0 24 24"[39m
                  [33mwidth[39m=[32m"24"[39m
                  [33mxmlns[39m=[32m"http://www.w3.org/2000/svg"[39m
                [36m>[39m
                  [36m<path[39m
                    [33md[39m=[32m"m15.5 7.5 2.3 2.3a1 1 0 0 0 1.4 
0l2.1-2.1a1 1 0 0 0 0-1.4L19 4"[39m
                  [36m/>[39m
                  [36m<path[39m
                    [33md[39m=[32m"m21 2-9.6 9.6"[39m
                  [36m/>[39m
                  [36m<circle[39m
                    [33mcx[39m=[32m"7.5"[39m
                    [33mcy[39m=[32m"15.5"[39m
                    [33mr[39m=[32m"5.5"[39m
                  [36m/>[39m
                [36m</svg>[39m
                [0mPassword Decryptor[0m
              [36m</button>[39m
            [36m</div>[39m
          [36m</div>[39m
          [36m<div>[39m
            [36m<div[39m
              [33mclass[39m=[32m"px-2 xs:px-3 sm:px-6 py-2 xs:py-3 
sm:py-4"[39m
            [36m>[39m
              [36m<div[39m
                [33mclass[39m=[32m"flex flex-col xs:flex-row 
justify-between items-start xs:items-center gap-2 xs:gap-0"[39m
              [36m>[39m
                [36m<div>[39m
                  [36m<h3[39m
                    [33mclass[39m=[32m"text-sm xs:text-base 
sm:text-lg"[39m
                  [36m>[39m
                    [0mStaff Members[0m
                  [36m</h3>[39m
                  [36m<div[39m
                    [33mclass[39m=[32m"text-[10px] xs:text-xs 
sm:text-sm"[39m
                  [36m>[39m
                    [0m0[0m
                    [0m staff members across [0m
                    [0m0[0m
                    [0m stores[0m
                  [36m</div>[39m
                [36m</div>[39m
                [36m<button[39m
                  [33mclass[39m=[32m"h-8 xs:h-9 sm:h-10 text-xs 
xs:text-sm px-2 xs:px-3 sm:px-4 w-full xs:w-auto"[39m
                [36m>[39m
                  [36m<svg[39m
                    [33mclass[39m=[32m"lucide lucide-user-plus h-3 w-3 
xs:h-3.5 xs:w-3.5 sm:h-4 sm:w-4 mr-1 xs:mr-1.5 sm:mr-2"[39m
                    [33mfill[39m=[32m"none"[39m
                    [33mheight[39m=[32m"24"[39m
                    [33mstroke[39m=[32m"currentColor"[39m
                    [33mstroke-linecap[39m=[32m"round"[39m
                    [33mstroke-linejoin[39m=[32m"round"[39m
                    [33mstroke-width[39m=[32m"2"[39m
                    [33mviewBox[39m=[32m"0 0 24 24"[39m
                    [33mwidth[39m=[32m"24"[39m
                    [33mxmlns[39m=[32m"http://www.w3.org/2000/svg"[39m
                  [36m>[39m
                    [36m<path[39m
                      [33md[39m=[32m"M16 21v-2a4 4 0 0 0-4-4H6a4 4 0 0 
0-4 4v2"[39m
                    [36m/>[39m
                    [36m<circle[39m
                      [33mcx[39m=[32m"9"[39m
                      [33mcy[39m=[32m"7"[39m
                      [33mr[39m=[32m"4"[39m
                    [36m/>[39m
                    [36m<line[39m
                      [33mx1[39m=[32m"19"[39m
                      [33mx2[39m=[32m"19"[39m
                      [33my1[39m=[32m"8"[39m
                      [33my2[39m=[32m"14"[39m
                    [36m/>[39m
                    [36m<line[39m
                      [33mx1[39m=[32m"22"[39m
                      [33mx2[39m=[32m"16"[39m
                      [33my1[39m=[32m"11"[39m
                      [33my2[39m=[32m"11"[39m
                    [36m/>[39m
                  [36m</svg>[39m
                  [0mAdd Staff[0m
                [36m</button>[39m
              [36m</div>[39m
            [36m</div>[39m
            [36m<div[39m
              [33mclass[39m=[32m"px-2 xs:px-3 sm:px-6 py-2 xs:py-3 
sm:py-4"[39m
            [36m>[39m
              [36m<div[39m
                [33mclass[39m=[32m"overflow-x-auto"[39m
              [36m>[39m
                [36m<table>[39m
                  [36m<thead>[39m
                    [36m<tr>[39m
                      [36m<th[39m
                        [33mclass[39m=[32m"text-xs xs:text-sm"[39m
                      [36m>[39m
                        [0mName[0m
                      [36m</th>[39m
                      [36m<th[39m
                        [33mclass[39m=[32m"text-xs xs:text-sm"[39m
                      [36m>[39m
                        [0mContact[0m
                      [36m</th>[39m
                      [36m<th[39m
                        [33mclass[39m=[32m"text-xs xs:text-sm"[39m
                      [36m>[39m
                        [0mRole[0m
                      [36m</th>[39m
                      [36m<th[39m
                        [33mclass[39m=[32m"text-xs xs:text-sm"[39m
                      [36m>[39m
                        [0mStore[0m
                      [36m</th>[39m
                      [36m<th[39m
                        [33mclass[39m=[32m"text-xs xs:text-sm"[39m
                      [36m>[39m
                        [0mStatus[0m
                      [36m</th>[39m
                      [36m<th[39m
                        [33mclass[39m=[32m"text-xs xs:text-sm"[39m
                      [36m>[39m
                        [0mSales Count[0m
                      [36m</th>[39m
                      [36m<th[39m
                        [33mclass[39m=[32m"text-xs xs:text-sm"[39m
                      [36m>[39m
                        [0mRecharges Count[0m
                      [36m</th>[39m
                      [36m<th[39m
                        [33mclass[39m=[32m"text-xs xs:text-sm"[39m
                      [36m>[39m
                        [0mPassword[0m
                      [36m</th>[39m
                      [36m<th[39m
                        [33mclass[39m=[32m"text-xs xs:text-sm"[39m
                      [36m>[39m
                        [0mActions[0m
                      [36m</th>[39m
                    [36m</tr>[39m
                  [36m</thead>[39m
                  [36m<tbody />[39m
                [36m</table>[39m
              [36m</div>[39m
            [36m</div>[39m
          [36m</div>[39m
        [36m</div>[39m
      [36m</div>[39m
    [36m</body>[39m

    [0m [90m 342 |[39m     render([33m<[39m[33mStaffManagement[39m 
[33m/[39m[33m>[39m)[33m;[39m
     [90m 343 |[39m     
    [31m[1m>[22m[39m[90m 344 |[39m     [36mawait[39m waitFor(() 
[33m=>[39m {
     [90m     |[39m                  [31m[1m^[22m[39m
     [90m 345 |[39m       expect(screen[33m.[39mgetByText([32m'John 
Doe'[39m))[33m.[39mtoBeInTheDocument()[33m;[39m
     [90m 346 |[39m     })[33m;[39m
     [90m 347 |[39m     [0m

      at waitForWrapper 
(node_modules/@testing-library/dom/dist/wait-for.js:163:27)
      at src/components/admin/__tests__/StaffManagement.test.tsx:344:18
      at src/components/admin/__tests__/StaffManagement.test.tsx:8:71
      at __awaiter 
(src/components/admin/__tests__/StaffManagement.test.tsx:4:12)
      at Object.<anonymous> 
(src/components/admin/__tests__/StaffManagement.test.tsx:341:59)

  ΓùÅ StaffManagement ΓÇ║ should handle delete staff functionality

    Unable to find an element with the text: John Doe. This could be 
because the text is broken up by multiple elements. In this case, you can 
provide a function for your text matcher to make your matcher more flexible.

    Ignored nodes: comments, script, style
    [36m<body>[39m
      [36m<div>[39m
        [36m<div[39m
          [33mclass[39m=[32m"space-y-6"[39m
        [36m>[39m
          [36m<div[39m
            [33mclass[39m=[32m"flex flex-col xs:flex-row justify-between 
items-start xs:items-center gap-3 xs:gap-2"[39m
          [36m>[39m
            [36m<div>[39m
              [36m<h1[39m
                [33mclass[39m=[32m"text-xl xs:text-2xl font-bold"[39m
              [36m>[39m
                [0mSystem Configuration[0m
              [36m</h1>[39m
              [36m<p[39m
                [33mclass[39m=[32m"text-sm xs:text-base 
text-muted-foreground"[39m
              [36m>[39m
                [0mManage staff accounts and store locations[0m
              [36m</p>[39m
              [36m<p[39m
                [33mclass[39m=[32m"text-sm xs:text-base 
text-muted-foreground"[39m
              [36m>[39m
                [0mThis tab shows both details of both live and demo 
stores[0m
              [36m</p>[39m
            [36m</div>[39m
            [36m<div[39m
              [33mclass[39m=[32m"flex flex-col xs:flex-row gap-2 w-full 
xs:w-auto"[39m
            [36m>[39m
              [36m<button[39m
                [33mclass[39m=[32m"h-10 text-xs xs:text-sm w-full 
xs:w-auto justify-start xs:justify-center"[39m
                [33mvariant[39m=[32m"default"[39m
              [36m>[39m
                [36m<svg[39m
                  [33mclass[39m=[32m"lucide lucide-user h-3.5 w-3.5 
xs:h-4 xs:w-4 mr-1.5 xs:mr-2"[39m
                  [33mfill[39m=[32m"none"[39m
                  [33mheight[39m=[32m"24"[39m
                  [33mstroke[39m=[32m"currentColor"[39m
                  [33mstroke-linecap[39m=[32m"round"[39m
                  [33mstroke-linejoin[39m=[32m"round"[39m
                  [33mstroke-width[39m=[32m"2"[39m
                  [33mviewBox[39m=[32m"0 0 24 24"[39m
                  [33mwidth[39m=[32m"24"[39m
                  [33mxmlns[39m=[32m"http://www.w3.org/2000/svg"[39m
                [36m>[39m
                  [36m<path[39m
                    [33md[39m=[32m"M19 21v-2a4 4 0 0 0-4-4H9a4 4 0 0 0-4 
4v2"[39m
                  [36m/>[39m
                  [36m<circle[39m
                    [33mcx[39m=[32m"12"[39m
                    [33mcy[39m=[32m"7"[39m
                    [33mr[39m=[32m"4"[39m
                  [36m/>[39m
                [36m</svg>[39m
                [0mStaff Management[0m
              [36m</button>[39m
              [36m<button[39m
                [33mclass[39m=[32m"h-10 text-xs xs:text-sm w-full 
xs:w-auto justify-start xs:justify-center"[39m
                [33mvariant[39m=[32m"outline"[39m
              [36m>[39m
                [36m<svg[39m
                  [33mclass[39m=[32m"lucide lucide-store h-3.5 w-3.5 
xs:h-4 xs:w-4 mr-1.5 xs:mr-2"[39m
                  [33mfill[39m=[32m"none"[39m
                  [33mheight[39m=[32m"24"[39m
                  [33mstroke[39m=[32m"currentColor"[39m
                  [33mstroke-linecap[39m=[32m"round"[39m
                  [33mstroke-linejoin[39m=[32m"round"[39m
                  [33mstroke-width[39m=[32m"2"[39m
                  [33mviewBox[39m=[32m"0 0 24 24"[39m
                  [33mwidth[39m=[32m"24"[39m
                  [33mxmlns[39m=[32m"http://www.w3.org/2000/svg"[39m
                [36m>[39m
                  [36m<path[39m
                    [33md[39m=[32m"m2 7 4.41-4.41A2 2 0 0 1 7.83 
2h8.34a2 2 0 0 1 1.42.59L22 7"[39m
                  [36m/>[39m
                  [36m<path[39m
                    [33md[39m=[32m"M4 12v8a2 2 0 0 0 2 2h12a2 2 0 0 0 
2-2v-8"[39m
                  [36m/>[39m
                  [36m<path[39m
                    [33md[39m=[32m"M15 22v-4a2 2 0 0 0-2-2h-2a2 2 0 0 
0-2 2v4"[39m
                  [36m/>[39m
                  [36m<path[39m
                    [33md[39m=[32m"M2 7h20"[39m
                  [36m/>[39m
                  [36m<path[39m
                    [33md[39m=[32m"M22 7v3a2 2 0 0 1-2 2a2.7 2.7 0 0 
1-1.59-.63.7.7 0 0 0-.82 0A2.7 2.7 0 0 1 16 12a2.7 2.7 0 0 1-1.59-.63.7.7 0 
0 0-.82 0A2.7 2.7 0 0 1 12 12a2.7 2.7 0 0 1-1.59-.63.7.7 0 0 0-.82 0A2.7 
2.7 0 0 1 8 12a2.7 2.7 0 0 1-1.59-.63.7.7 0 0 0-.82 0A2.7 2.7 0 0 1 4 12a2 
2 0 0 1-2-2V7"[39m
                  [36m/>[39m
                [36m</svg>[39m
                [0mStore Management[0m
              [36m</button>[39m
              [36m<button[39m
                [33mclass[39m=[32m"h-10 text-xs xs:text-sm w-full 
xs:w-auto justify-start xs:justify-center"[39m
                [33mvariant[39m=[32m"outline"[39m
              [36m>[39m
                [36m<svg[39m
                  [33mclass[39m=[32m"lucide lucide-key h-3.5 w-3.5 
xs:h-4 xs:w-4 mr-1.5 xs:mr-2"[39m
                  [33mfill[39m=[32m"none"[39m
                  [33mheight[39m=[32m"24"[39m
                  [33mstroke[39m=[32m"currentColor"[39m
                  [33mstroke-linecap[39m=[32m"round"[39m
                  [33mstroke-linejoin[39m=[32m"round"[39m
                  [33mstroke-width[39m=[32m"2"[39m
                  [33mviewBox[39m=[32m"0 0 24 24"[39m
                  [33mwidth[39m=[32m"24"[39m
                  [33mxmlns[39m=[32m"http://www.w3.org/2000/svg"[39m
                [36m>[39m
                  [36m<path[39m
                    [33md[39m=[32m"m15.5 7.5 2.3 2.3a1 1 0 0 0 1.4 
0l2.1-2.1a1 1 0 0 0 0-1.4L19 4"[39m
                  [36m/>[39m
                  [36m<path[39m
                    [33md[39m=[32m"m21 2-9.6 9.6"[39m
                  [36m/>[39m
                  [36m<circle[39m
                    [33mcx[39m=[32m"7.5"[39m
                    [33mcy[39m=[32m"15.5"[39m
                    [33mr[39m=[32m"5.5"[39m
                  [36m/>[39m
                [36m</svg>[39m
                [0mPassword Decryptor[0m
              [36m</button>[39m
            [36m</div>[39m
          [36m</div>[39m
          [36m<div>[39m
            [36m<div[39m
              [33mclass[39m=[32m"px-2 xs:px-3 sm:px-6 py-2 xs:py-3 
sm:py-4"[39m
            [36m>[39m
              [36m<div[39m
                [33mclass[39m=[32m"flex flex-col xs:flex-row 
justify-between items-start xs:items-center gap-2 xs:gap-0"[39m
              [36m>[39m
                [36m<div>[39m
                  [36m<h3[39m
                    [33mclass[39m=[32m"text-sm xs:text-base 
sm:text-lg"[39m
                  [36m>[39m
                    [0mStaff Members[0m
                  [36m</h3>[39m
                  [36m<div[39m
                    [33mclass[39m=[32m"text-[10px] xs:text-xs 
sm:text-sm"[39m
                  [36m>[39m
                    [0m0[0m
                    [0m staff members across [0m
                    [0m0[0m
                    [0m stores[0m
                  [36m</div>[39m
                [36m</div>[39m
                [36m<button[39m
                  [33mclass[39m=[32m"h-8 xs:h-9 sm:h-10 text-xs 
xs:text-sm px-2 xs:px-3 sm:px-4 w-full xs:w-auto"[39m
                [36m>[39m
                  [36m<svg[39m
                    [33mclass[39m=[32m"lucide lucide-user-plus h-3 w-3 
xs:h-3.5 xs:w-3.5 sm:h-4 sm:w-4 mr-1 xs:mr-1.5 sm:mr-2"[39m
                    [33mfill[39m=[32m"none"[39m
                    [33mheight[39m=[32m"24"[39m
                    [33mstroke[39m=[32m"currentColor"[39m
                    [33mstroke-linecap[39m=[32m"round"[39m
                    [33mstroke-linejoin[39m=[32m"round"[39m
                    [33mstroke-width[39m=[32m"2"[39m
                    [33mviewBox[39m=[32m"0 0 24 24"[39m
                    [33mwidth[39m=[32m"24"[39m
                    [33mxmlns[39m=[32m"http://www.w3.org/2000/svg"[39m
                  [36m>[39m
                    [36m<path[39m
                      [33md[39m=[32m"M16 21v-2a4 4 0 0 0-4-4H6a4 4 0 0 
0-4 4v2"[39m
                    [36m/>[39m
                    [36m<circle[39m
                      [33mcx[39m=[32m"9"[39m
                      [33mcy[39m=[32m"7"[39m
                      [33mr[39m=[32m"4"[39m
                    [36m/>[39m
                    [36m<line[39m
                      [33mx1[39m=[32m"19"[39m
                      [33mx2[39m=[32m"19"[39m
                      [33my1[39m=[32m"8"[39m
                      [33my2[39m=[32m"14"[39m
                    [36m/>[39m
                    [36m<line[39m
                      [33mx1[39m=[32m"22"[39m
                      [33mx2[39m=[32m"16"[39m
                      [33my1[39m=[32m"11"[39m
                      [33my2[39m=[32m"11"[39m
                    [36m/>[39m
                  [36m</svg>[39m
                  [0mAdd Staff[0m
                [36m</button>[39m
              [36m</div>[39m
            [36m</div>[39m
            [36m<div[39m
              [33mclass[39m=[32m"px-2 xs:px-3 sm:px-6 py-2 xs:py-3 
sm:py-4"[39m
            [36m>[39m
              [36m<div[39m
                [33mclass[39m=[32m"overflow-x-auto"[39m
              [36m>[39m
                [36m<table>[39m
                  [36m<thead>[39m
                    [36m<tr>[39m
                      [36m<th[39m
                        [33mclass[39m=[32m"text-xs xs:text-sm"[39m
                      [36m>[39m
                        [0mName[0m
                      [36m</th>[39m
                      [36m<th[39m
                        [33mclass[39m=[32m"text-xs xs:text-sm"[39m
                      [36m>[39m
                        [0mContact[0m
                      [36m</th>[39m
                      [36m<th[39m
                        [33mclass[39m=[32m"text-xs xs:text-sm"[39m
                      [36m>[39m
                        [0mRole[0m
                      [36m</th>[39m
                      [36m<th[39m
                        [33mclass[39m=[32m"text-xs xs:text-sm"[39m
                      [36m>[39m
                        [0mStore[0m
                      [36m</th>[39m
                      [36m<th[39m
                        [33mclass[39m=[32m"text-xs xs:text-sm"[39m
                      [36m>[39m
                        [0mStatus[0m
                      [36m</th>[39m
                      [36m<th[39m
                        [33mclass[39m=[32m"text-xs xs:text-sm"[39m
                      [36m>[39m
                        [0mSales Count[0m
                      [36m</th>[39m
                      [36m<th[39m
                        [33mclass[39m=[32m"text-xs xs:text-sm"[39m
                      [36m>[39m
                        [0mRecharges Count[0m
                      [36m</th>[39m
                      [36m<th[39m
                        [33mclass[39m=[32m"text-xs xs:text-sm"[39m
                      [36m>[39m
                        [0mPassword[0m
                      [36m</th>[39m
                      [36m<th[39m
                        [33mclass[39m=[32m"text-xs xs:text-sm"[39m
                      [36m>[39m
                        [0mActions[0m
                      [36m</th>[39m
                    [36m</tr>[39m
                  [36m</thead>[39m
                  [36m<tbody />[39m
                [36m</table>[39m
              [36m</div>[39m
            [36m</div>[39m
          [36m</div>[39m
        [36m</div>[39m
      [36m</div>[39m
    [36m</body>[39m

    [0m [90m 356 |[39m     render([33m<[39m[33mStaffManagement[39m 
[33m/[39m[33m>[39m)[33m;[39m
     [90m 357 |[39m     
    [31m[1m>[22m[39m[90m 358 |[39m     [36mawait[39m waitFor(() 
[33m=>[39m {
     [90m     |[39m                  [31m[1m^[22m[39m
     [90m 359 |[39m       expect(screen[33m.[39mgetByText([32m'John 
Doe'[39m))[33m.[39mtoBeInTheDocument()[33m;[39m
     [90m 360 |[39m     })[33m;[39m
     [90m 361 |[39m     [0m

      at waitForWrapper 
(node_modules/@testing-library/dom/dist/wait-for.js:163:27)
      at src/components/admin/__tests__/StaffManagement.test.tsx:358:18
      at src/components/admin/__tests__/StaffManagement.test.tsx:8:71
      at __awaiter 
(src/components/admin/__tests__/StaffManagement.test.tsx:4:12)
      at Object.<anonymous> 
(src/components/admin/__tests__/StaffManagement.test.tsx:355:61)

  ΓùÅ StaffManagement ΓÇ║ should handle store creation

    Unable to find an element with the text: John Doe. This could be 
because the text is broken up by multiple elements. In this case, you can 
provide a function for your text matcher to make your matcher more flexible.

    Ignored nodes: comments, script, style
    [36m<body>[39m
      [36m<div>[39m
        [36m<div[39m
          [33mclass[39m=[32m"space-y-6"[39m
        [36m>[39m
          [36m<div[39m
            [33mclass[39m=[32m"flex flex-col xs:flex-row justify-between 
items-start xs:items-center gap-3 xs:gap-2"[39m
          [36m>[39m
            [36m<div>[39m
              [36m<h1[39m
                [33mclass[39m=[32m"text-xl xs:text-2xl font-bold"[39m
              [36m>[39m
                [0mSystem Configuration[0m
              [36m</h1>[39m
              [36m<p[39m
                [33mclass[39m=[32m"text-sm xs:text-base 
text-muted-foreground"[39m
              [36m>[39m
                [0mManage staff accounts and store locations[0m
              [36m</p>[39m
              [36m<p[39m
                [33mclass[39m=[32m"text-sm xs:text-base 
text-muted-foreground"[39m
              [36m>[39m
                [0mThis tab shows both details of both live and demo 
stores[0m
              [36m</p>[39m
            [36m</div>[39m
            [36m<div[39m
              [33mclass[39m=[32m"flex flex-col xs:flex-row gap-2 w-full 
xs:w-auto"[39m
            [36m>[39m
              [36m<button[39m
                [33mclass[39m=[32m"h-10 text-xs xs:text-sm w-full 
xs:w-auto justify-start xs:justify-center"[39m
                [33mvariant[39m=[32m"default"[39m
              [36m>[39m
                [36m<svg[39m
                  [33mclass[39m=[32m"lucide lucide-user h-3.5 w-3.5 
xs:h-4 xs:w-4 mr-1.5 xs:mr-2"[39m
                  [33mfill[39m=[32m"none"[39m
                  [33mheight[39m=[32m"24"[39m
                  [33mstroke[39m=[32m"currentColor"[39m
                  [33mstroke-linecap[39m=[32m"round"[39m
                  [33mstroke-linejoin[39m=[32m"round"[39m
                  [33mstroke-width[39m=[32m"2"[39m
                  [33mviewBox[39m=[32m"0 0 24 24"[39m
                  [33mwidth[39m=[32m"24"[39m
                  [33mxmlns[39m=[32m"http://www.w3.org/2000/svg"[39m
                [36m>[39m
                  [36m<path[39m
                    [33md[39m=[32m"M19 21v-2a4 4 0 0 0-4-4H9a4 4 0 0 0-4 
4v2"[39m
                  [36m/>[39m
                  [36m<circle[39m
                    [33mcx[39m=[32m"12"[39m
                    [33mcy[39m=[32m"7"[39m
                    [33mr[39m=[32m"4"[39m
                  [36m/>[39m
                [36m</svg>[39m
                [0mStaff Management[0m
              [36m</button>[39m
              [36m<button[39m
                [33mclass[39m=[32m"h-10 text-xs xs:text-sm w-full 
xs:w-auto justify-start xs:justify-center"[39m
                [33mvariant[39m=[32m"outline"[39m
              [36m>[39m
                [36m<svg[39m
                  [33mclass[39m=[32m"lucide lucide-store h-3.5 w-3.5 
xs:h-4 xs:w-4 mr-1.5 xs:mr-2"[39m
                  [33mfill[39m=[32m"none"[39m
                  [33mheight[39m=[32m"24"[39m
                  [33mstroke[39m=[32m"currentColor"[39m
                  [33mstroke-linecap[39m=[32m"round"[39m
                  [33mstroke-linejoin[39m=[32m"round"[39m
                  [33mstroke-width[39m=[32m"2"[39m
                  [33mviewBox[39m=[32m"0 0 24 24"[39m
                  [33mwidth[39m=[32m"24"[39m
                  [33mxmlns[39m=[32m"http://www.w3.org/2000/svg"[39m
                [36m>[39m
                  [36m<path[39m
                    [33md[39m=[32m"m2 7 4.41-4.41A2 2 0 0 1 7.83 
2h8.34a2 2 0 0 1 1.42.59L22 7"[39m
                  [36m/>[39m
                  [36m<path[39m
                    [33md[39m=[32m"M4 12v8a2 2 0 0 0 2 2h12a2 2 0 0 0 
2-2v-8"[39m
                  [36m/>[39m
                  [36m<path[39m
                    [33md[39m=[32m"M15 22v-4a2 2 0 0 0-2-2h-2a2 2 0 0 
0-2 2v4"[39m
                  [36m/>[39m
                  [36m<path[39m
                    [33md[39m=[32m"M2 7h20"[39m
                  [36m/>[39m
                  [36m<path[39m
                    [33md[39m=[32m"M22 7v3a2 2 0 0 1-2 2a2.7 2.7 0 0 
1-1.59-.63.7.7 0 0 0-.82 0A2.7 2.7 0 0 1 16 12a2.7 2.7 0 0 1-1.59-.63.7.7 0 
0 0-.82 0A2.7 2.7 0 0 1 12 12a2.7 2.7 0 0 1-1.59-.63.7.7 0 0 0-.82 0A2.7 
2.7 0 0 1 8 12a2.7 2.7 0 0 1-1.59-.63.7.7 0 0 0-.82 0A2.7 2.7 0 0 1 4 12a2 
2 0 0 1-2-2V7"[39m
                  [36m/>[39m
                [36m</svg>[39m
                [0mStore Management[0m
              [36m</button>[39m
              [36m<button[39m
                [33mclass[39m=[32m"h-10 text-xs xs:text-sm w-full 
xs:w-auto justify-start xs:justify-center"[39m
                [33mvariant[39m=[32m"outline"[39m
              [36m>[39m
                [36m<svg[39m
                  [33mclass[39m=[32m"lucide lucide-key h-3.5 w-3.5 
xs:h-4 xs:w-4 mr-1.5 xs:mr-2"[39m
                  [33mfill[39m=[32m"none"[39m
                  [33mheight[39m=[32m"24"[39m
                  [33mstroke[39m=[32m"currentColor"[39m
                  [33mstroke-linecap[39m=[32m"round"[39m
                  [33mstroke-linejoin[39m=[32m"round"[39m
                  [33mstroke-width[39m=[32m"2"[39m
                  [33mviewBox[39m=[32m"0 0 24 24"[39m
                  [33mwidth[39m=[32m"24"[39m
                  [33mxmlns[39m=[32m"http://www.w3.org/2000/svg"[39m
                [36m>[39m
                  [36m<path[39m
                    [33md[39m=[32m"m15.5 7.5 2.3 2.3a1 1 0 0 0 1.4 
0l2.1-2.1a1 1 0 0 0 0-1.4L19 4"[39m
                  [36m/>[39m
                  [36m<path[39m
                    [33md[39m=[32m"m21 2-9.6 9.6"[39m
                  [36m/>[39m
                  [36m<circle[39m
                    [33mcx[39m=[32m"7.5"[39m
                    [33mcy[39m=[32m"15.5"[39m
                    [33mr[39m=[32m"5.5"[39m
                  [36m/>[39m
                [36m</svg>[39m
                [0mPassword Decryptor[0m
              [36m</button>[39m
            [36m</div>[39m
          [36m</div>[39m
          [36m<div>[39m
            [36m<div[39m
              [33mclass[39m=[32m"px-2 xs:px-3 sm:px-6 py-2 xs:py-3 
sm:py-4"[39m
            [36m>[39m
              [36m<div[39m
                [33mclass[39m=[32m"flex flex-col xs:flex-row 
justify-between items-start xs:items-center gap-2 xs:gap-0"[39m
              [36m>[39m
                [36m<div>[39m
                  [36m<h3[39m
                    [33mclass[39m=[32m"text-sm xs:text-base 
sm:text-lg"[39m
                  [36m>[39m
                    [0mStaff Members[0m
                  [36m</h3>[39m
                  [36m<div[39m
                    [33mclass[39m=[32m"text-[10px] xs:text-xs 
sm:text-sm"[39m
                  [36m>[39m
                    [0m0[0m
                    [0m staff members across [0m
                    [0m0[0m
                    [0m stores[0m
                  [36m</div>[39m
                [36m</div>[39m
                [36m<button[39m
                  [33mclass[39m=[32m"h-8 xs:h-9 sm:h-10 text-xs 
xs:text-sm px-2 xs:px-3 sm:px-4 w-full xs:w-auto"[39m
                [36m>[39m
                  [36m<svg[39m
                    [33mclass[39m=[32m"lucide lucide-user-plus h-3 w-3 
xs:h-3.5 xs:w-3.5 sm:h-4 sm:w-4 mr-1 xs:mr-1.5 sm:mr-2"[39m
                    [33mfill[39m=[32m"none"[39m
                    [33mheight[39m=[32m"24"[39m
                    [33mstroke[39m=[32m"currentColor"[39m
                    [33mstroke-linecap[39m=[32m"round"[39m
                    [33mstroke-linejoin[39m=[32m"round"[39m
                    [33mstroke-width[39m=[32m"2"[39m
                    [33mviewBox[39m=[32m"0 0 24 24"[39m
                    [33mwidth[39m=[32m"24"[39m
                    [33mxmlns[39m=[32m"http://www.w3.org/2000/svg"[39m
                  [36m>[39m
                    [36m<path[39m
                      [33md[39m=[32m"M16 21v-2a4 4 0 0 0-4-4H6a4 4 0 0 
0-4 4v2"[39m
                    [36m/>[39m
                    [36m<circle[39m
                      [33mcx[39m=[32m"9"[39m
                      [33mcy[39m=[32m"7"[39m
                      [33mr[39m=[32m"4"[39m
                    [36m/>[39m
                    [36m<line[39m
                      [33mx1[39m=[32m"19"[39m
                      [33mx2[39m=[32m"19"[39m
                      [33my1[39m=[32m"8"[39m
                      [33my2[39m=[32m"14"[39m
                    [36m/>[39m
                    [36m<line[39m
                      [33mx1[39m=[32m"22"[39m
                      [33mx2[39m=[32m"16"[39m
                      [33my1[39m=[32m"11"[39m
                      [33my2[39m=[32m"11"[39m
                    [36m/>[39m
                  [36m</svg>[39m
                  [0mAdd Staff[0m
                [36m</button>[39m
              [36m</div>[39m
            [36m</div>[39m
            [36m<div[39m
              [33mclass[39m=[32m"px-2 xs:px-3 sm:px-6 py-2 xs:py-3 
sm:py-4"[39m
            [36m>[39m
              [36m<div[39m
                [33mclass[39m=[32m"overflow-x-auto"[39m
              [36m>[39m
                [36m<table>[39m
                  [36m<thead>[39m
                    [36m<tr>[39m
                      [36m<th[39m
                        [33mclass[39m=[32m"text-xs xs:text-sm"[39m
                      [36m>[39m
                        [0mName[0m
                      [36m</th>[39m
                      [36m<th[39m
                        [33mclass[39m=[32m"text-xs xs:text-sm"[39m
                      [36m>[39m
                        [0mContact[0m
                      [36m</th>[39m
                      [36m<th[39m
                        [33mclass[39m=[32m"text-xs xs:text-sm"[39m
                      [36m>[39m
                        [0mRole[0m
                      [36m</th>[39m
                      [36m<th[39m
                        [33mclass[39m=[32m"text-xs xs:text-sm"[39m
                      [36m>[39m
                        [0mStore[0m
                      [36m</th>[39m
                      [36m<th[39m
                        [33mclass[39m=[32m"text-xs xs:text-sm"[39m
                      [36m>[39m
                        [0mStatus[0m
                      [36m</th>[39m
                      [36m<th[39m
                        [33mclass[39m=[32m"text-xs xs:text-sm"[39m
                      [36m>[39m
                        [0mSales Count[0m
                      [36m</th>[39m
                      [36m<th[39m
                        [33mclass[39m=[32m"text-xs xs:text-sm"[39m
                      [36m>[39m
                        [0mRecharges Count[0m
                      [36m</th>[39m
                      [36m<th[39m
                        [33mclass[39m=[32m"text-xs xs:text-sm"[39m
                      [36m>[39m
                        [0mPassword[0m
                      [36m</th>[39m
                      [36m<th[39m
                        [33mclass[39m=[32m"text-xs xs:text-sm"[39m
                      [36m>[39m
                        [0mActions[0m
                      [36m</th>[39m
                    [36m</tr>[39m
                  [36m</thead>[39m
                  [36m<tbody />[39m
                [36m</table>[39m
              [36m</div>[39m
            [36m</div>[39m
          [36m</div>[39m
        [36m</div>[39m
      [36m</div>[39m
    [36m</body>[39m

    [0m [90m 370 |[39m     render([33m<[39m[33mStaffManagement[39m 
[33m/[39m[33m>[39m)[33m;[39m
     [90m 371 |[39m     
    [31m[1m>[22m[39m[90m 372 |[39m     [36mawait[39m waitFor(() 
[33m=>[39m {
     [90m     |[39m                  [31m[1m^[22m[39m
     [90m 373 |[39m       expect(screen[33m.[39mgetByText([32m'John 
Doe'[39m))[33m.[39mtoBeInTheDocument()[33m;[39m
     [90m 374 |[39m     })[33m;[39m
     [90m 375 |[39m     [0m

      at waitForWrapper 
(node_modules/@testing-library/dom/dist/wait-for.js:163:27)
      at src/components/admin/__tests__/StaffManagement.test.tsx:372:18
      at src/components/admin/__tests__/StaffManagement.test.tsx:8:71
      at __awaiter 
(src/components/admin/__tests__/StaffManagement.test.tsx:4:12)
      at Object.<anonymous> 
(src/components/admin/__tests__/StaffManagement.test.tsx:369:49)

  ΓùÅ StaffManagement ΓÇ║ should validate duplicate email when creating 
staff

    Unable to find an element with the text: John Doe. This could be 
because the text is broken up by multiple elements. In this case, you can 
provide a function for your text matcher to make your matcher more flexible.

    Ignored nodes: comments, script, style
    [36m<body>[39m
      [36m<div>[39m
        [36m<div[39m
          [33mclass[39m=[32m"space-y-6"[39m
        [36m>[39m
          [36m<div[39m
            [33mclass[39m=[32m"flex flex-col xs:flex-row justify-between 
items-start xs:items-center gap-3 xs:gap-2"[39m
          [36m>[39m
            [36m<div>[39m
              [36m<h1[39m
                [33mclass[39m=[32m"text-xl xs:text-2xl font-bold"[39m
              [36m>[39m
                [0mSystem Configuration[0m
              [36m</h1>[39m
              [36m<p[39m
                [33mclass[39m=[32m"text-sm xs:text-base 
text-muted-foreground"[39m
              [36m>[39m
                [0mManage staff accounts and store locations[0m
              [36m</p>[39m
              [36m<p[39m
                [33mclass[39m=[32m"text-sm xs:text-base 
text-muted-foreground"[39m
              [36m>[39m
                [0mThis tab shows both details of both live and demo 
stores[0m
              [36m</p>[39m
            [36m</div>[39m
            [36m<div[39m
              [33mclass[39m=[32m"flex flex-col xs:flex-row gap-2 w-full 
xs:w-auto"[39m
            [36m>[39m
              [36m<button[39m
                [33mclass[39m=[32m"h-10 text-xs xs:text-sm w-full 
xs:w-auto justify-start xs:justify-center"[39m
                [33mvariant[39m=[32m"default"[39m
              [36m>[39m
                [36m<svg[39m
                  [33mclass[39m=[32m"lucide lucide-user h-3.5 w-3.5 
xs:h-4 xs:w-4 mr-1.5 xs:mr-2"[39m
                  [33mfill[39m=[32m"none"[39m
                  [33mheight[39m=[32m"24"[39m
                  [33mstroke[39m=[32m"currentColor"[39m
                  [33mstroke-linecap[39m=[32m"round"[39m
                  [33mstroke-linejoin[39m=[32m"round"[39m
                  [33mstroke-width[39m=[32m"2"[39m
                  [33mviewBox[39m=[32m"0 0 24 24"[39m
                  [33mwidth[39m=[32m"24"[39m
                  [33mxmlns[39m=[32m"http://www.w3.org/2000/svg"[39m
                [36m>[39m
                  [36m<path[39m
                    [33md[39m=[32m"M19 21v-2a4 4 0 0 0-4-4H9a4 4 0 0 0-4 
4v2"[39m
                  [36m/>[39m
                  [36m<circle[39m
                    [33mcx[39m=[32m"12"[39m
                    [33mcy[39m=[32m"7"[39m
                    [33mr[39m=[32m"4"[39m
                  [36m/>[39m
                [36m</svg>[39m
                [0mStaff Management[0m
              [36m</button>[39m
              [36m<button[39m
                [33mclass[39m=[32m"h-10 text-xs xs:text-sm w-full 
xs:w-auto justify-start xs:justify-center"[39m
                [33mvariant[39m=[32m"outline"[39m
              [36m>[39m
                [36m<svg[39m
                  [33mclass[39m=[32m"lucide lucide-store h-3.5 w-3.5 
xs:h-4 xs:w-4 mr-1.5 xs:mr-2"[39m
                  [33mfill[39m=[32m"none"[39m
                  [33mheight[39m=[32m"24"[39m
                  [33mstroke[39m=[32m"currentColor"[39m
                  [33mstroke-linecap[39m=[32m"round"[39m
                  [33mstroke-linejoin[39m=[32m"round"[39m
                  [33mstroke-width[39m=[32m"2"[39m
                  [33mviewBox[39m=[32m"0 0 24 24"[39m
                  [33mwidth[39m=[32m"24"[39m
                  [33mxmlns[39m=[32m"http://www.w3.org/2000/svg"[39m
                [36m>[39m
                  [36m<path[39m
                    [33md[39m=[32m"m2 7 4.41-4.41A2 2 0 0 1 7.83 
2h8.34a2 2 0 0 1 1.42.59L22 7"[39m
                  [36m/>[39m
                  [36m<path[39m
                    [33md[39m=[32m"M4 12v8a2 2 0 0 0 2 2h12a2 2 0 0 0 
2-2v-8"[39m
                  [36m/>[39m
                  [36m<path[39m
                    [33md[39m=[32m"M15 22v-4a2 2 0 0 0-2-2h-2a2 2 0 0 
0-2 2v4"[39m
                  [36m/>[39m
                  [36m<path[39m
                    [33md[39m=[32m"M2 7h20"[39m
                  [36m/>[39m
                  [36m<path[39m
                    [33md[39m=[32m"M22 7v3a2 2 0 0 1-2 2a2.7 2.7 0 0 
1-1.59-.63.7.7 0 0 0-.82 0A2.7 2.7 0 0 1 16 12a2.7 2.7 0 0 1-1.59-.63.7.7 0 
0 0-.82 0A2.7 2.7 0 0 1 12 12a2.7 2.7 0 0 1-1.59-.63.7.7 0 0 0-.82 0A2.7 
2.7 0 0 1 8 12a2.7 2.7 0 0 1-1.59-.63.7.7 0 0 0-.82 0A2.7 2.7 0 0 1 4 12a2 
2 0 0 1-2-2V7"[39m
                  [36m/>[39m
                [36m</svg>[39m
                [0mStore Management[0m
              [36m</button>[39m
              [36m<button[39m
                [33mclass[39m=[32m"h-10 text-xs xs:text-sm w-full 
xs:w-auto justify-start xs:justify-center"[39m
                [33mvariant[39m=[32m"outline"[39m
              [36m>[39m
                [36m<svg[39m
                  [33mclass[39m=[32m"lucide lucide-key h-3.5 w-3.5 
xs:h-4 xs:w-4 mr-1.5 xs:mr-2"[39m
                  [33mfill[39m=[32m"none"[39m
                  [33mheight[39m=[32m"24"[39m
                  [33mstroke[39m=[32m"currentColor"[39m
                  [33mstroke-linecap[39m=[32m"round"[39m
                  [33mstroke-linejoin[39m=[32m"round"[39m
                  [33mstroke-width[39m=[32m"2"[39m
                  [33mviewBox[39m=[32m"0 0 24 24"[39m
                  [33mwidth[39m=[32m"24"[39m
                  [33mxmlns[39m=[32m"http://www.w3.org/2000/svg"[39m
                [36m>[39m
                  [36m<path[39m
                    [33md[39m=[32m"m15.5 7.5 2.3 2.3a1 1 0 0 0 1.4 
0l2.1-2.1a1 1 0 0 0 0-1.4L19 4"[39m
                  [36m/>[39m
                  [36m<path[39m
                    [33md[39m=[32m"m21 2-9.6 9.6"[39m
                  [36m/>[39m
                  [36m<circle[39m
                    [33mcx[39m=[32m"7.5"[39m
                    [33mcy[39m=[32m"15.5"[39m
                    [33mr[39m=[32m"5.5"[39m
                  [36m/>[39m
                [36m</svg>[39m
                [0mPassword Decryptor[0m
              [36m</button>[39m
            [36m</div>[39m
          [36m</div>[39m
          [36m<div>[39m
            [36m<div[39m
              [33mclass[39m=[32m"px-2 xs:px-3 sm:px-6 py-2 xs:py-3 
sm:py-4"[39m
            [36m>[39m
              [36m<div[39m
                [33mclass[39m=[32m"flex flex-col xs:flex-row 
justify-between items-start xs:items-center gap-2 xs:gap-0"[39m
              [36m>[39m
                [36m<div>[39m
                  [36m<h3[39m
                    [33mclass[39m=[32m"text-sm xs:text-base 
sm:text-lg"[39m
                  [36m>[39m
                    [0mStaff Members[0m
                  [36m</h3>[39m
                  [36m<div[39m
                    [33mclass[39m=[32m"text-[10px] xs:text-xs 
sm:text-sm"[39m
                  [36m>[39m
                    [0m1[0m
                    [0m staff members across [0m
                    [0m1[0m
                    [0m stores[0m
                  [36m</div>[39m
                [36m</div>[39m
                [36m<button[39m
                  [33mclass[39m=[32m"h-8 xs:h-9 sm:h-10 text-xs 
xs:text-sm px-2 xs:px-3 sm:px-4 w-full xs:w-auto"[39m
                [36m>[39m
                  [36m<svg[39m
                    [33mclass[39m=[32m"lucide lucide-user-plus h-3 w-3 
xs:h-3.5 xs:w-3.5 sm:h-4 sm:w-4 mr-1 xs:mr-1.5 sm:mr-2"[39m
                    [33mfill[39m=[32m"none"[39m
                    [33mheight[39m=[32m"24"[39m
                    [33mstroke[39m=[32m"currentColor"[39m
                    [33mstroke-linecap[39m=[32m"round"[39m
                    [33mstroke-linejoin[39m=[32m"round"[39m
                    [33mstroke-width[39m=[32m"2"[39m
                    [33mviewBox[39m=[32m"0 0 24 24"[39m
                    [33mwidth[39m=[32m"24"[39m
                    [33mxmlns[39m=[32m"http://www.w3.org/2000/svg"[39m
                  [36m>[39m
                    [36m<path[39m
                      [33md[39m=[32m"M16 21v-2a4 4 0 0 0-4-4H6a4 4 0 0 
0-4 4v2"[39m
                    [36m/>[39m
                    [36m<circle[39m
                      [33mcx[39m=[32m"9"[39m
                      [33mcy[39m=[32m"7"[39m
                      [33mr[39m=[32m"4"[39m
                    [36m/>[39m
                    [36m<line[39m
                      [33mx1[39m=[32m"19"[39m
                      [33mx2[39m=[32m"19"[39m
                      [33my1[39m=[32m"8"[39m
                      [33my2[39m=[32m"14"[39m
                    [36m/>[39m
                    [36m<line[39m
                      [33mx1[39m=[32m"22"[39m
                      [33mx2[39m=[32m"16"[39m
                      [33my1[39m=[32m"11"[39m
                      [33my2[39m=[32m"11"[39m
                    [36m/>[39m
                  [36m</svg>[39m
                  [0mAdd Staff[0m
                [36m</button>[39m
              [36m</div>[39m
            [36m</div>[39m
            [36m<div[39m
              [33mclass[39m=[32m"px-2 xs:px-3 sm:px-6 py-2 xs:py-3 
sm:py-4"[39m
            [36m>[39m
              [36m<div[39m
                [33mclass[39m=[32m"overflow-x-auto"[39m
              [36m>[39m
                [36m<table>[39m
                  [36m<thead>[39m
                    [36m<tr>[39m
                      [36m<th[39m
                        [33mclass[39m=[32m"text-xs xs:text-sm"[39m
                      [36m>[39m
                        [0mName[0m
                      [36m</th>[39m
                      [36m<th[39m
                        [33mclass[39m=[32m"text-xs xs:text-sm"[39m
                      [36m>[39m
                        [0mContact[0m
                      [36m</th>[39m
                      [36m<th[39m
                        [33mclass[39m=[32m"text-xs xs:text-sm"[39m
                      [36m>[39m
                        [0mRole[0m
                      [36m</th>[39m
                      [36m<th[39m
                        [33mclass[39m=[32m"text-xs xs:text-sm"[39m
                      [36m>[39m
                        [0mStore[0m
                      [36m</th>[39m
                      [36m<th[39m
                        [33mclass[39m=[32m"text-xs xs:text-sm"[39m
                      [36m>[39m
                        [0mStatus[0m
                      [36m</th>[39m
                      [36m<th[39m
                        [33mclass[39m=[32m"text-xs xs:text-sm"[39m
                      [36m>[39m
                        [0mSales Count[0m
                      [36m</th>[39m
                      [36m<th[39m
                        [33mclass[39m=[32m"text-xs xs:text-sm"[39m
                      [36m>[39m
                        [0mRecharges Count[0m
                      [36m</th>[39m
                      [36m<th[39m
                        [33mclass[39m=[32m"text-xs xs:text-sm"[39m
                      [36m>[39m
                        [0mPassword[0m
                      [36m</th>[39m
                      [36m<th[39m
                        [33mclass[39m=[32m"text-xs xs:text-sm"[39m
                      [36m>[39m
                        [0mActions[0m
                      [36m</th>[39m
                    [36m</tr>[39m
                  [36m</thead>[39m
                  [36m<tbody>[39m
                    [36m<tr>[39m
                      [36m<td[39m
                        [33mclass[39m=[32m"font-medium text-xs 
xs:text-sm"[39m
                      [36m>[39m
                        [36m<div[39m
                          [33mclass[39m=[32m"flex items-center gap-1 
xs:gap-2"[39m
                        [36m/>[39m
                        [36m<div[39m
                          [33mclass[39m=[32m"text-[10px] xs:text-xs 
sm:text-sm text-muted-foreground"[39m
                        [36m>[39m
                          [0mexisting@test.com[0m
                        [36m</div>[39m
                      [36m</td>[39m
                      [36m<td[39m
                        [33mclass[39m=[32m"text-xs xs:text-sm"[39m
                      [36m/>[39m
                      [36m<td>[39m
                        [36m<span[39m
                          [33mclass[39m=[32m"text-[10px] xs:text-xs"[39m
                          [33mvariant[39m=[32m"outline"[39m
                        [36m>[39m
                          [0mstaff[0m
                        [36m</span>[39m
                      [36m</td>[39m
                      [36m<td[39m
                        [33mclass[39m=[32m"text-xs xs:text-sm"[39m
                      [36m>[39m
                        [0mUnassigned[0m
                      [36m</td>[39m
                      [36m<td>[39m
                        [36m<span[39m
                          [33mclass[39m=[32m"text-[10px] xs:text-xs"[39m
                          [33mvariant[39m=[32m"default"[39m
                        [36m>[39m
                          [0mactive[0m
                        [36m</span>[39m
                      [36m</td>[39m
                      [36m<td[39m
                        [33mclass[39m=[32m"text-xs xs:text-sm"[39m
                      [36m>[39m
                        [0m0[0m
                      [36m</td>[39m
                      [36m<td[39m
                        [33mclass[39m=[32m"text-xs xs:text-sm"[39m
                      [36m>[39m
                        [0m0[0m
                      [36m</td>[39m
                      [36m<td[39m
                        [33mclass[39m=[32m"text-xs xs:text-sm"[39m
                      [36m/>[39m
                      [36m<td>[39m
                        [36m<div[39m
                          [33mclass[39m=[32m"flex flex-col xs:flex-row 
gap-1 xs:gap-2"[39m
                        [36m>[39m
                          [36m<button[39m
                            [33mclass[39m=[32m"text-[10px] xs:text-xs 
h-7 xs:h-8 px-1.5 xs:px-2"[39m
                            [33mvariant[39m=[32m"outline"[39m
                          [36m>[39m
                            [36m<svg[39m
                              [33mclass[39m=[32m"lucide 
lucide-square-pen h-3 w-3 xs:h-4 xs:w-4 mr-0.5 xs:mr-1"[39m
                              [33mfill[39m=[32m"none"[39m
                              [33mheight[39m=[32m"24"[39m
                              [33mstroke[39m=[32m"currentColor"[39m
                              [33mstroke-linecap[39m=[32m"round"[39m
                              [33mstroke-linejoin[39m=[32m"round"[39m
                              [33mstroke-width[39m=[32m"2"[39m
                              [33mviewBox[39m=[32m"0 0 24 24"[39m
                              [33mwidth[39m=[32m"24"[39m
                              
[33mxmlns[39m=[32m"http://www.w3.org/2000/svg"[39m
                            [36m>[39m
                              [36m<path[39m
                                [33md[39m=[32m"M12 3H5a2 2 0 0 0-2 
2v14a2 2 0 0 0 2 2h14a2 2 0 0 0 2-2v-7"[39m
                              [36m/>[39m
                              [36m<path[39m
                                [33md[39m=[32m"M18.375 2.625a1 1 0 0 1 3 
3l-9.013 9.014a2 2 0 0 1-.853.505l-2.873.84a.5.5 0 0 1-.62-.62l.84-2.873a2 
2 0 0 1 .506-.852z"[39m
                              [36m/>[39m
                            [36m</svg>[39m
                            [0mEdit[0m
                          [36m</button>[39m
                          [36m<button[39m
                            [33mclass[39m=[32m"text-red-600 
hover:text-red-700 text-[10px] xs:text-xs h-7 xs:h-8 px-1.5 xs:px-2"[39m
                            [33mvariant[39m=[32m"outline"[39m
                          [36m>[39m
                            [36m<svg[39m
                              [33mclass[39m=[32m"lucide lucide-trash2 
h-3 w-3 xs:h-4 xs:w-4 mr-0.5 xs:mr-1"[39m
                              [33mfill[39m=[32m"none"[39m
                              [33mheight[39m=[32m"24"[39m
                              [33mstroke[39m=[32m"currentColor"[39m
                              [33mstroke-linecap[39m=[32m"round"[39m
                              [33mstroke-linejoin[39m=[32m"round"[39m
                              [33mstroke-width[39m=[32m"2"[39m
                              [33mviewBox[39m=[32m"0 0 24 24"[39m
                              [33mwidth[39m=[32m"24"[39m
                              
[33mxmlns[39m=[32m"http://www.w3.org/2000/svg"[39m
                            [36m>[39m
                              [36m<path[39m
                                [33md[39m=[32m"M3 6h18"[39m
                              [36m/>[39m
                              [36m<path[39m
                                [33md[39m=[32m"M19 6v14c0 1-1 2-2 2H7c-1 
0-2-1-2-2V6"[39m
                              [36m/>[39m
                              [36m<path[39m
                                [33md[39m=[32m"M8 6V4c0-1 1-2 2-2h4c1 0 
2 1 2 2v2"[39m
                              [36m/>[39m
                              [36m<line[39m
                                [33mx1[39m=[32m"10"[39m
                                [33mx2[39m=[32m"10"[39m
                                [33my1[39m=[32m"11"[39m
                                [33my2[39m=[32m"17"[39m
                              [36m/>[39m
                              [36m<line[39m
                                [33mx1[39m=[32m"14"[39m
                                [33mx2[39m=[32m"14"[39m
                                [33my1[39m=[32m"11"[39m
                                [33my2[39m=[32m"17"[39m
                              [36m/>[39m
                            [36m</svg>[39m
                            [0mRemove[0m
                          [36m</button>[39m
                        [36m</div>[39m
                      [36m</td>[39m
                    [36m</tr>[39m
                  [36m</tbody>[39m
                [36m</table>[39m
              [36m</div>[39m
            [36m</div>[39m
          [36m</div>[39m
        [36m</div>[39m
      [36m</div>[39m
    [36m</body>[39m

    [0m [90m 407 |[39m     render([33m<[39m[33mStaffManagement[39m 
[33m/[39m[33m>[39m)[33m;[39m
     [90m 408 |[39m     
    [31m[1m>[22m[39m[90m 409 |[39m     [36mawait[39m waitFor(() 
[33m=>[39m {
     [90m     |[39m                  [31m[1m^[22m[39m
     [90m 410 |[39m       expect(screen[33m.[39mgetByText([32m'John 
Doe'[39m))[33m.[39mtoBeInTheDocument()[33m;[39m
     [90m 411 |[39m     })[33m;[39m
     [90m 412 |[39m     [0m

      at waitForWrapper 
(node_modules/@testing-library/dom/dist/wait-for.js:163:27)
      at src/components/admin/__tests__/StaffManagement.test.tsx:409:18
      at src/components/admin/__tests__/StaffManagement.test.tsx:8:71
      at __awaiter 
(src/components/admin/__tests__/StaffManagement.test.tsx:4:12)
      at Object.<anonymous> 
(src/components/admin/__tests__/StaffManagement.test.tsx:395:72)

  ΓùÅ StaffManagement ΓÇ║ should validate duplicate mobile when creating 
staff

    Unable to find an element with the text: John Doe. This could be 
because the text is broken up by multiple elements. In this case, you can 
provide a function for your text matcher to make your matcher more flexible.

    Ignored nodes: comments, script, style
    [36m<body>[39m
      [36m<div>[39m
        [36m<div[39m
          [33mclass[39m=[32m"space-y-6"[39m
        [36m>[39m
          [36m<div[39m
            [33mclass[39m=[32m"flex flex-col xs:flex-row justify-between 
items-start xs:items-center gap-3 xs:gap-2"[39m
          [36m>[39m
            [36m<div>[39m
              [36m<h1[39m
                [33mclass[39m=[32m"text-xl xs:text-2xl font-bold"[39m
              [36m>[39m
                [0mSystem Configuration[0m
              [36m</h1>[39m
              [36m<p[39m
                [33mclass[39m=[32m"text-sm xs:text-base 
text-muted-foreground"[39m
              [36m>[39m
                [0mManage staff accounts and store locations[0m
              [36m</p>[39m
              [36m<p[39m
                [33mclass[39m=[32m"text-sm xs:text-base 
text-muted-foreground"[39m
              [36m>[39m
                [0mThis tab shows both details of both live and demo 
stores[0m
              [36m</p>[39m
            [36m</div>[39m
            [36m<div[39m
              [33mclass[39m=[32m"flex flex-col xs:flex-row gap-2 w-full 
xs:w-auto"[39m
            [36m>[39m
              [36m<button[39m
                [33mclass[39m=[32m"h-10 text-xs xs:text-sm w-full 
xs:w-auto justify-start xs:justify-center"[39m
                [33mvariant[39m=[32m"default"[39m
              [36m>[39m
                [36m<svg[39m
                  [33mclass[39m=[32m"lucide lucide-user h-3.5 w-3.5 
xs:h-4 xs:w-4 mr-1.5 xs:mr-2"[39m
                  [33mfill[39m=[32m"none"[39m
                  [33mheight[39m=[32m"24"[39m
                  [33mstroke[39m=[32m"currentColor"[39m
                  [33mstroke-linecap[39m=[32m"round"[39m
                  [33mstroke-linejoin[39m=[32m"round"[39m
                  [33mstroke-width[39m=[32m"2"[39m
                  [33mviewBox[39m=[32m"0 0 24 24"[39m
                  [33mwidth[39m=[32m"24"[39m
                  [33mxmlns[39m=[32m"http://www.w3.org/2000/svg"[39m
                [36m>[39m
                  [36m<path[39m
                    [33md[39m=[32m"M19 21v-2a4 4 0 0 0-4-4H9a4 4 0 0 0-4 
4v2"[39m
                  [36m/>[39m
                  [36m<circle[39m
                    [33mcx[39m=[32m"12"[39m
                    [33mcy[39m=[32m"7"[39m
                    [33mr[39m=[32m"4"[39m
                  [36m/>[39m
                [36m</svg>[39m
                [0mStaff Management[0m
              [36m</button>[39m
              [36m<button[39m
                [33mclass[39m=[32m"h-10 text-xs xs:text-sm w-full 
xs:w-auto justify-start xs:justify-center"[39m
                [33mvariant[39m=[32m"outline"[39m
              [36m>[39m
                [36m<svg[39m
                  [33mclass[39m=[32m"lucide lucide-store h-3.5 w-3.5 
xs:h-4 xs:w-4 mr-1.5 xs:mr-2"[39m
                  [33mfill[39m=[32m"none"[39m
                  [33mheight[39m=[32m"24"[39m
                  [33mstroke[39m=[32m"currentColor"[39m
                  [33mstroke-linecap[39m=[32m"round"[39m
                  [33mstroke-linejoin[39m=[32m"round"[39m
                  [33mstroke-width[39m=[32m"2"[39m
                  [33mviewBox[39m=[32m"0 0 24 24"[39m
                  [33mwidth[39m=[32m"24"[39m
                  [33mxmlns[39m=[32m"http://www.w3.org/2000/svg"[39m
                [36m>[39m
                  [36m<path[39m
                    [33md[39m=[32m"m2 7 4.41-4.41A2 2 0 0 1 7.83 
2h8.34a2 2 0 0 1 1.42.59L22 7"[39m
                  [36m/>[39m
                  [36m<path[39m
                    [33md[39m=[32m"M4 12v8a2 2 0 0 0 2 2h12a2 2 0 0 0 
2-2v-8"[39m
                  [36m/>[39m
                  [36m<path[39m
                    [33md[39m=[32m"M15 22v-4a2 2 0 0 0-2-2h-2a2 2 0 0 
0-2 2v4"[39m
                  [36m/>[39m
                  [36m<path[39m
                    [33md[39m=[32m"M2 7h20"[39m
                  [36m/>[39m
                  [36m<path[39m
                    [33md[39m=[32m"M22 7v3a2 2 0 0 1-2 2a2.7 2.7 0 0 
1-1.59-.63.7.7 0 0 0-.82 0A2.7 2.7 0 0 1 16 12a2.7 2.7 0 0 1-1.59-.63.7.7 0 
0 0-.82 0A2.7 2.7 0 0 1 12 12a2.7 2.7 0 0 1-1.59-.63.7.7 0 0 0-.82 0A2.7 
2.7 0 0 1 8 12a2.7 2.7 0 0 1-1.59-.63.7.7 0 0 0-.82 0A2.7 2.7 0 0 1 4 12a2 
2 0 0 1-2-2V7"[39m
                  [36m/>[39m
                [36m</svg>[39m
                [0mStore Management[0m
              [36m</button>[39m
              [36m<button[39m
                [33mclass[39m=[32m"h-10 text-xs xs:text-sm w-full 
xs:w-auto justify-start xs:justify-center"[39m
                [33mvariant[39m=[32m"outline"[39m
              [36m>[39m
                [36m<svg[39m
                  [33mclass[39m=[32m"lucide lucide-key h-3.5 w-3.5 
xs:h-4 xs:w-4 mr-1.5 xs:mr-2"[39m
                  [33mfill[39m=[32m"none"[39m
                  [33mheight[39m=[32m"24"[39m
                  [33mstroke[39m=[32m"currentColor"[39m
                  [33mstroke-linecap[39m=[32m"round"[39m
                  [33mstroke-linejoin[39m=[32m"round"[39m
                  [33mstroke-width[39m=[32m"2"[39m
                  [33mviewBox[39m=[32m"0 0 24 24"[39m
                  [33mwidth[39m=[32m"24"[39m
                  [33mxmlns[39m=[32m"http://www.w3.org/2000/svg"[39m
                [36m>[39m
                  [36m<path[39m
                    [33md[39m=[32m"m15.5 7.5 2.3 2.3a1 1 0 0 0 1.4 
0l2.1-2.1a1 1 0 0 0 0-1.4L19 4"[39m
                  [36m/>[39m
                  [36m<path[39m
                    [33md[39m=[32m"m21 2-9.6 9.6"[39m
                  [36m/>[39m
                  [36m<circle[39m
                    [33mcx[39m=[32m"7.5"[39m
                    [33mcy[39m=[32m"15.5"[39m
                    [33mr[39m=[32m"5.5"[39m
                  [36m/>[39m
                [36m</svg>[39m
                [0mPassword Decryptor[0m
              [36m</button>[39m
            [36m</div>[39m
          [36m</div>[39m
          [36m<div>[39m
            [36m<div[39m
              [33mclass[39m=[32m"px-2 xs:px-3 sm:px-6 py-2 xs:py-3 
sm:py-4"[39m
            [36m>[39m
              [36m<div[39m
                [33mclass[39m=[32m"flex flex-col xs:flex-row 
justify-between items-start xs:items-center gap-2 xs:gap-0"[39m
              [36m>[39m
                [36m<div>[39m
                  [36m<h3[39m
                    [33mclass[39m=[32m"text-sm xs:text-base 
sm:text-lg"[39m
                  [36m>[39m
                    [0mStaff Members[0m
                  [36m</h3>[39m
                  [36m<div[39m
                    [33mclass[39m=[32m"text-[10px] xs:text-xs 
sm:text-sm"[39m
                  [36m>[39m
                    [0m1[0m
                    [0m staff members across [0m
                    [0m1[0m
                    [0m stores[0m
                  [36m</div>[39m
                [36m</div>[39m
                [36m<button[39m
                  [33mclass[39m=[32m"h-8 xs:h-9 sm:h-10 text-xs 
xs:text-sm px-2 xs:px-3 sm:px-4 w-full xs:w-auto"[39m
                [36m>[39m
                  [36m<svg[39m
                    [33mclass[39m=[32m"lucide lucide-user-plus h-3 w-3 
xs:h-3.5 xs:w-3.5 sm:h-4 sm:w-4 mr-1 xs:mr-1.5 sm:mr-2"[39m
                    [33mfill[39m=[32m"none"[39m
                    [33mheight[39m=[32m"24"[39m
                    [33mstroke[39m=[32m"currentColor"[39m
                    [33mstroke-linecap[39m=[32m"round"[39m
                    [33mstroke-linejoin[39m=[32m"round"[39m
                    [33mstroke-width[39m=[32m"2"[39m
                    [33mviewBox[39m=[32m"0 0 24 24"[39m
                    [33mwidth[39m=[32m"24"[39m
                    [33mxmlns[39m=[32m"http://www.w3.org/2000/svg"[39m
                  [36m>[39m
                    [36m<path[39m
                      [33md[39m=[32m"M16 21v-2a4 4 0 0 0-4-4H6a4 4 0 0 
0-4 4v2"[39m
                    [36m/>[39m
                    [36m<circle[39m
                      [33mcx[39m=[32m"9"[39m
                      [33mcy[39m=[32m"7"[39m
                      [33mr[39m=[32m"4"[39m
                    [36m/>[39m
                    [36m<line[39m
                      [33mx1[39m=[32m"19"[39m
                      [33mx2[39m=[32m"19"[39m
                      [33my1[39m=[32m"8"[39m
                      [33my2[39m=[32m"14"[39m
                    [36m/>[39m
                    [36m<line[39m
                      [33mx1[39m=[32m"22"[39m
                      [33mx2[39m=[32m"16"[39m
                      [33my1[39m=[32m"11"[39m
                      [33my2[39m=[32m"11"[39m
                    [36m/>[39m
                  [36m</svg>[39m
                  [0mAdd Staff[0m
                [36m</button>[39m
              [36m</div>[39m
            [36m</div>[39m
            [36m<div[39m
              [33mclass[39m=[32m"px-2 xs:px-3 sm:px-6 py-2 xs:py-3 
sm:py-4"[39m
            [36m>[39m
              [36m<div[39m
                [33mclass[39m=[32m"overflow-x-auto"[39m
              [36m>[39m
                [36m<table>[39m
                  [36m<thead>[39m
                    [36m<tr>[39m
                      [36m<th[39m
                        [33mclass[39m=[32m"text-xs xs:text-sm"[39m
                      [36m>[39m
                        [0mName[0m
                      [36m</th>[39m
                      [36m<th[39m
                        [33mclass[39m=[32m"text-xs xs:text-sm"[39m
                      [36m>[39m
                        [0mContact[0m
                      [36m</th>[39m
                      [36m<th[39m
                        [33mclass[39m=[32m"text-xs xs:text-sm"[39m
                      [36m>[39m
                        [0mRole[0m
                      [36m</th>[39m
                      [36m<th[39m
                        [33mclass[39m=[32m"text-xs xs:text-sm"[39m
                      [36m>[39m
                        [0mStore[0m
                      [36m</th>[39m
                      [36m<th[39m
                        [33mclass[39m=[32m"text-xs xs:text-sm"[39m
                      [36m>[39m
                        [0mStatus[0m
                      [36m</th>[39m
                      [36m<th[39m
                        [33mclass[39m=[32m"text-xs xs:text-sm"[39m
                      [36m>[39m
                        [0mSales Count[0m
                      [36m</th>[39m
                      [36m<th[39m
                        [33mclass[39m=[32m"text-xs xs:text-sm"[39m
                      [36m>[39m
                        [0mRecharges Count[0m
                      [36m</th>[39m
                      [36m<th[39m
                        [33mclass[39m=[32m"text-xs xs:text-sm"[39m
                      [36m>[39m
                        [0mPassword[0m
                      [36m</th>[39m
                      [36m<th[39m
                        [33mclass[39m=[32m"text-xs xs:text-sm"[39m
                      [36m>[39m
                        [0mActions[0m
                      [36m</th>[39m
                    [36m</tr>[39m
                  [36m</thead>[39m
                  [36m<tbody>[39m
                    [36m<tr>[39m
                      [36m<td[39m
                        [33mclass[39m=[32m"font-medium text-xs 
xs:text-sm"[39m
                      [36m>[39m
                        [36m<div[39m
                          [33mclass[39m=[32m"flex items-center gap-1 
xs:gap-2"[39m
                        [36m/>[39m
                        [36m<div[39m
                          [33mclass[39m=[32m"text-[10px] xs:text-xs 
sm:text-sm text-muted-foreground"[39m
                        [36m/>[39m
                      [36m</td>[39m
                      [36m<td[39m
                        [33mclass[39m=[32m"text-xs xs:text-sm"[39m
                      [36m>[39m
                        [0m9999999999[0m
                      [36m</td>[39m
                      [36m<td>[39m
                        [36m<span[39m
                          [33mclass[39m=[32m"text-[10px] xs:text-xs"[39m
                          [33mvariant[39m=[32m"outline"[39m
                        [36m>[39m
                          [0mstaff[0m
                        [36m</span>[39m
                      [36m</td>[39m
                      [36m<td[39m
                        [33mclass[39m=[32m"text-xs xs:text-sm"[39m
                      [36m>[39m
                        [0mUnassigned[0m
                      [36m</td>[39m
                      [36m<td>[39m
                        [36m<span[39m
                          [33mclass[39m=[32m"text-[10px] xs:text-xs"[39m
                          [33mvariant[39m=[32m"default"[39m
                        [36m>[39m
                          [0mactive[0m
                        [36m</span>[39m
                      [36m</td>[39m
                      [36m<td[39m
                        [33mclass[39m=[32m"text-xs xs:text-sm"[39m
                      [36m>[39m
                        [0m0[0m
                      [36m</td>[39m
                      [36m<td[39m
                        [33mclass[39m=[32m"text-xs xs:text-sm"[39m
                      [36m>[39m
                        [0m0[0m
                      [36m</td>[39m
                      [36m<td[39m
                        [33mclass[39m=[32m"text-xs xs:text-sm"[39m
                      [36m/>[39m
                      [36m<td>[39m
                        [36m<div[39m
                          [33mclass[39m=[32m"flex flex-col xs:flex-row 
gap-1 xs:gap-2"[39m
                        [36m>[39m
                          [36m<button[39m
                            [33mclass[39m=[32m"text-[10px] xs:text-xs 
h-7 xs:h-8 px-1.5 xs:px-2"[39m
                            [33mvariant[39m=[32m"outline"[39m
                          [36m>[39m
                            [36m<svg[39m
                              [33mclass[39m=[32m"lucide 
lucide-square-pen h-3 w-3 xs:h-4 xs:w-4 mr-0.5 xs:mr-1"[39m
                              [33mfill[39m=[32m"none"[39m
                              [33mheight[39m=[32m"24"[39m
                              [33mstroke[39m=[32m"currentColor"[39m
                              [33mstroke-linecap[39m=[32m"round"[39m
                              [33mstroke-linejoin[39m=[32m"round"[39m
                              [33mstroke-width[39m=[32m"2"[39m
                              [33mviewBox[39m=[32m"0 0 24 24"[39m
                              [33mwidth[39m=[32m"24"[39m
                              
[33mxmlns[39m=[32m"http://www.w3.org/2000/svg"[39m
                            [36m>[39m
                              [36m<path[39m
                                [33md[39m=[32m"M12 3H5a2 2 0 0 0-2 
2v14a2 2 0 0 0 2 2h14a2 2 0 0 0 2-2v-7"[39m
                              [36m/>[39m
                              [36m<path[39m
                                [33md[39m=[32m"M18.375 2.625a1 1 0 0 1 3 
3l-9.013 9.014a2 2 0 0 1-.853.505l-2.873.84a.5.5 0 0 1-.62-.62l.84-2.873a2 
2 0 0 1 .506-.852z"[39m
                              [36m/>[39m
                            [36m</svg>[39m
                            [0mEdit[0m
                          [36m</button>[39m
                          [36m<button[39m
                            [33mclass[39m=[32m"text-red-600 
hover:text-red-700 text-[10px] xs:text-xs h-7 xs:h-8 px-1.5 xs:px-2"[39m
                            [33mvariant[39m=[32m"outline"[39m
                          [36m>[39m
                            [36m<svg[39m
                              [33mclass[39m=[32m"lucide lucide-trash2 
h-3 w-3 xs:h-4 xs:w-4 mr-0.5 xs:mr-1"[39m
                              [33mfill[39m=[32m"none"[39m
                              [33mheight[39m=[32m"24"[39m
                              [33mstroke[39m=[32m"currentColor"[39m
                              [33mstroke-linecap[39m=[32m"round"[39m
                              [33mstroke-linejoin[39m=[32m"round"[39m
                              [33mstroke-width[39m=[32m"2"[39m
                              [33mviewBox[39m=[32m"0 0 24 24"[39m
                              [33mwidth[39m=[32m"24"[39m
                              
[33mxmlns[39m=[32m"http://www.w3.org/2000/svg"[39m
                            [36m>[39m
                              [36m<path[39m
                                [33md[39m=[32m"M3 6h18"[39m
                              [36m/>[39m
                              [36m<path[39m
                                [33md[39m=[32m"M19 6v14c0 1-1 2-2 2H7c-1 
0-2-1-2-2V6"[39m
                              [36m/>[39m
                              [36m<path[39m
                                [33md[39m=[32m"M8 6V4c0-1 1-2 2-2h4c1 0 
2 1 2 2v2"[39m
                              [36m/>[39m
                              [36m<line[39m
                                [33mx1[39m=[32m"10"[39m
                                [33mx2[39m=[32m"10"[39m
                                [33my1[39m=[32m"11"[39m
                                [33my2[39m=[32m"17"[39m
                              [36m/>[39m
                              [36m<line[39m
                                [33mx1[39m=[32m"14"[39m
                                [33mx2[39m=[32m"14"[39m
                                [33my1[39m=[32m"11"[39m
                                [33my2[39m=[32m"17"[39m
                              [36m/>[39m
                            [36m</svg>[39m
                            [0mRemove[0m
                          [36m</button>[39m
                        [36m</div>[39m
                      [36m</td>[39m
                    [36m</tr>[39m
                  [36m</tbody>[39m
                [36m</table>[39m
              [36m</div>[39m
            [36m</div>[39m
          [36m</div>[39m
        [36m</div>[39m
      [36m</div>[39m
    [36m</body>[39m

    [0m [90m 439 |[39m     render([33m<[39m[33mStaffManagement[39m 
[33m/[39m[33m>[39m)[33m;[39m
     [90m 440 |[39m     
    [31m[1m>[22m[39m[90m 441 |[39m     [36mawait[39m waitFor(() 
[33m=>[39m {
     [90m     |[39m                  [31m[1m^[22m[39m
     [90m 442 |[39m       expect(screen[33m.[39mgetByText([32m'John 
Doe'[39m))[33m.[39mtoBeInTheDocument()[33m;[39m
     [90m 443 |[39m     })[33m;[39m
     [90m 444 |[39m     [0m

      at waitForWrapper 
(node_modules/@testing-library/dom/dist/wait-for.js:163:27)
      at src/components/admin/__tests__/StaffManagement.test.tsx:441:18
      at src/components/admin/__tests__/StaffManagement.test.tsx:8:71
      at __awaiter 
(src/components/admin/__tests__/StaffManagement.test.tsx:4:12)
      at Object.<anonymous> 
(src/components/admin/__tests__/StaffManagement.test.tsx:427:73)

Test Suites: 1 failed, 1 total
Tests:       12 failed, 1 passed, 13 total
Snapshots:   0 total
Time:        13.916 s
Ran all test suites matching 
src/components/admin/__tests__/StaffManagement.test.tsx.
